Archive member included because of file (symbol)

libbb/lib.a(appletlib.o)      /home/shizhai/new_zhongwang/trunk/staging_dir/toolchain-mips_r2_gcc-4.6-linaro_uClibc-0.9.33.2/lib/gcc/mips-openwrt-linux-uclibc/4.6.4/../../../../mips-openwrt-linux-uclibc/lib/crt1.o (main)
libbb/lib.a(default_error_retval.o)
                              libbb/lib.a(appletlib.o) (xfunc_error_retval)
libbb/lib.a(get_last_path_component.o)
                              libbb/lib.a(appletlib.o) (bb_basename)
libbb/lib.a(last_char_is.o)   libbb/lib.a(get_last_path_component.o) (last_char_is)
libbb/lib.a(messages.o)       libbb/lib.a(appletlib.o) (bb_banner)
libbb/lib.a(ptr_to_globals.o)
                              libbb/lib.a(appletlib.o) (bb_errno)
libbb/lib.a(verror_msg.o)     libbb/lib.a(appletlib.o) (bb_error_msg_and_die)
libbb/lib.a(xfunc_die.o)      libbb/lib.a(appletlib.o) (xfunc_die)
libbb/lib.a(xfuncs.o)         libbb/lib.a(appletlib.o) (full_write2_str)
libbb/lib.a(xfuncs_printf.o)  libbb/lib.a(appletlib.o) (malloc_or_warn)
libbb/lib.a(copyfd.o)         libbb/lib.a(xfuncs_printf.o) (bb_copyfd_eof)
libbb/lib.a(full_write.o)     libbb/lib.a(verror_msg.o) (full_write)
libbb/lib.a(perror_msg.o)     libbb/lib.a(xfuncs_printf.o) (bb_perror_msg)
libbb/lib.a(read.o)           libbb/lib.a(copyfd.o) (safe_read)
libbb/lib.a(safe_write.o)     libbb/lib.a(full_write.o) (safe_write)
libbb/lib.a(time.o)           libbb/lib.a(xfuncs_printf.o) (monotonic_us)
libbb/lib.a(bb_strtonum.o)    libbb/lib.a(time.o) (bb_strtol)
loginutils/lib.a(passwd.o)    libbb/lib.a(appletlib.o) (passwd_main)
miscutils/lib.a(crond.o)      libbb/lib.a(appletlib.o) (crond_main)
miscutils/lib.a(crontab.o)    libbb/lib.a(appletlib.o) (crontab_main)
miscutils/lib.a(less.o)       libbb/lib.a(appletlib.o) (less_main)
miscutils/lib.a(lock.o)       libbb/lib.a(appletlib.o) (lock_main)
miscutils/lib.a(strings.o)    libbb/lib.a(appletlib.o) (strings_main)
miscutils/lib.a(time.o)       libbb/lib.a(appletlib.o) (time_main)
modutils/lib.a(insmod.o)      libbb/lib.a(appletlib.o) (insmod_main)
modutils/lib.a(lsmod.o)       libbb/lib.a(appletlib.o) (lsmod_main)
modutils/lib.a(modutils.o)    modutils/lib.a(insmod.o) (parse_cmdline_module_options)
modutils/lib.a(rmmod.o)       libbb/lib.a(appletlib.o) (rmmod_main)
networking/lib.a(arping.o)    libbb/lib.a(appletlib.o) (arping_main)
networking/lib.a(brctl.o)     libbb/lib.a(appletlib.o) (brctl_main)
networking/lib.a(ifconfig.o)  libbb/lib.a(appletlib.o) (ifconfig_main)
networking/lib.a(interface.o)
                              networking/lib.a(ifconfig.o) (display_interfaces)
networking/lib.a(nc.o)        libbb/lib.a(appletlib.o) (nc_main)
networking/lib.a(netmsg.o)    libbb/lib.a(appletlib.o) (netmsg_main)
networking/lib.a(netstat.o)   libbb/lib.a(appletlib.o) (netstat_main)
networking/lib.a(nslookup.o)  libbb/lib.a(appletlib.o) (nslookup_main)
networking/lib.a(ntpd.o)      libbb/lib.a(appletlib.o) (ntpd_main)
networking/lib.a(ping.o)      libbb/lib.a(appletlib.o) (ping_main)
networking/lib.a(route.o)     networking/lib.a(netstat.o) (bb_displayroutes)
networking/lib.a(telnet.o)    libbb/lib.a(appletlib.o) (telnet_main)
networking/lib.a(telnetd.o)   libbb/lib.a(appletlib.o) (telnetd_main)
networking/lib.a(traceroute.o)
                              libbb/lib.a(appletlib.o) (traceroute_main)
networking/lib.a(vconfig.o)   libbb/lib.a(appletlib.o) (vconfig_main)
networking/lib.a(wget.o)      libbb/lib.a(appletlib.o) (wget_main)
networking/udhcp/lib.a(dhcpc.o)
                              libbb/lib.a(appletlib.o) (udhcpc_main)
networking/udhcp/lib.a(domain_codec.o)
                              networking/udhcp/lib.a(dhcpc.o) (dname_dec)
networking/udhcp/lib.a(packet.o)
                              networking/udhcp/lib.a(dhcpc.o) (udhcp_init_header)
networking/udhcp/lib.a(signalpipe.o)
                              networking/udhcp/lib.a(dhcpc.o) (udhcp_sp_setup)
networking/udhcp/lib.a(socket.o)
                              networking/udhcp/lib.a(dhcpc.o) (udhcp_read_interface)
networking/udhcp/lib.a(common.o)
                              networking/udhcp/lib.a(dhcpc.o) (udhcp_option_idx)
procps/lib.a(free.o)          libbb/lib.a(appletlib.o) (free_main)
procps/lib.a(kill.o)          libbb/lib.a(appletlib.o) (kill_main)
procps/lib.a(pgrep.o)         libbb/lib.a(appletlib.o) (pgrep_main)
procps/lib.a(pidof.o)         libbb/lib.a(appletlib.o) (pidof_main)
procps/lib.a(ps.o)            libbb/lib.a(appletlib.o) (ps_main)
procps/lib.a(sysctl.o)        libbb/lib.a(appletlib.o) (sysctl_main)
procps/lib.a(top.o)           libbb/lib.a(appletlib.o) (top_main)
procps/lib.a(uptime.o)        libbb/lib.a(appletlib.o) (uptime_main)
shell/lib.a(ash.o)            libbb/lib.a(appletlib.o) (ash_main)
shell/lib.a(ash_ptr_hack.o)   shell/lib.a(ash.o) (ash_ptr_to_globals_var)
shell/lib.a(math.o)           shell/lib.a(ash.o) (endofname)
shell/lib.a(shell_common.o)   shell/lib.a(ash.o) (shell_builtin_read)
sysklogd/lib.a(syslogd_and_logger.o)
[...]
Memory Configuration

Name             Origin             Length             Attributes
*default*        0x0000000000000000 0xffffffffffffffff

Linker script and memory map

LOAD /home/shizhai/new_zhongwang/trunk/staging_dir/toolchain-mips_r2_gcc-4.6-linaro_uClibc-0.9.33.2/lib/gcc/mips-openwrt-linux-uclibc/4.6.4/../../../../mips-openwrt-linux-uclibc/lib/crt1.o
LOAD /home/shizhai/new_zhongwang/trunk/staging_dir/toolchain-mips_r2_gcc-4.6-linaro_uClibc-0.9.33.2/lib/gcc/mips-openwrt-linux-uclibc/4.6.4/../../../../mips-openwrt-linux-uclibc/lib/crti.o
LOAD /home/shizhai/new_zhongwang/trunk/staging_dir/toolchain-mips_r2_gcc-4.6-linaro_uClibc-0.9.33.2/lib/gcc/mips-openwrt-linux-uclibc/4.6.4/crtbegin.o
START GROUP
LOAD applets/built-in.o
LOAD archival/lib.a
LOAD archival/libarchive/lib.a
LOAD console-tools/lib.a
LOAD coreutils/lib.a
LOAD coreutils/libcoreutils/lib.a
LOAD debianutils/lib.a
LOAD e2fsprogs/lib.a
LOAD editors/lib.a
LOAD findutils/lib.a
LOAD init/lib.a
LOAD libbb/lib.a
LOAD libpwdgrp/lib.a
LOAD loginutils/lib.a
LOAD mailutils/lib.a
LOAD miscutils/lib.a
LOAD modutils/lib.a
LOAD networking/lib.a
LOAD networking/libiproute/lib.a
LOAD networking/udhcp/lib.a
LOAD printutils/lib.a
LOAD procps/lib.a
LOAD runit/lib.a
LOAD selinux/lib.a
LOAD shell/lib.a
LOAD sysklogd/lib.a
LOAD util-linux/lib.a
LOAD util-linux/volume_id/lib.a
LOAD archival/built-in.o
LOAD archival/libarchive/built-in.o
LOAD console-tools/built-in.o
LOAD coreutils/built-in.o
LOAD coreutils/libcoreutils/built-in.o
LOAD debianutils/built-in.o
LOAD e2fsprogs/built-in.o
LOAD editors/built-in.o
LOAD findutils/built-in.o
LOAD init/built-in.o
LOAD libbb/built-in.o
LOAD libpwdgrp/built-in.o
LOAD loginutils/built-in.o
LOAD mailutils/built-in.o
LOAD miscutils/built-in.o
LOAD modutils/built-in.o
LOAD networking/built-in.o
LOAD networking/libiproute/built-in.o
LOAD networking/udhcp/built-in.o
LOAD printutils/built-in.o
LOAD procps/built-in.o
LOAD runit/built-in.o
LOAD selinux/built-in.o
LOAD shell/built-in.o
LOAD sysklogd/built-in.o
LOAD util-linux/built-in.o
LOAD util-linux/volume_id/built-in.o
END GROUP
START GROUP
LOAD /home/shizhai/new_zhongwang/trunk/staging_dir/toolchain-mips_r2_gcc-4.6-linaro_uClibc-0.9.33.2/lib/gcc/mips-openwrt-linux-uclibc/4.6.4/../../../../mips-openwrt-linux-uclibc/lib/libcrypt.so
LOAD /home/shizhai/new_zhongwang/trunk/staging_dir/toolchain-mips_r2_gcc-4.6-linaro_uClibc-0.9.33.2/lib/gcc/mips-openwrt-linux-uclibc/4.6.4/../../../../mips-openwrt-linux-uclibc/lib/libm.so
END GROUP
LOAD /home/shizhai/new_zhongwang/trunk/staging_dir/toolchain-mips_r2_gcc-4.6-linaro_uClibc-0.9.33.2/lib/gcc/mips-openwrt-linux-uclibc/4.6.4/../../../../mips-openwrt-linux-uclibc/lib/libgcc_s.so
LOAD /home/shizhai/new_zhongwang/trunk/staging_dir/toolchain-mips_r2_gcc-4.6-linaro_uClibc-0.9.33.2/lib/gcc/mips-openwrt-linux-uclibc/4.6.4/../../../../mips-openwrt-linux-uclibc/lib/libc.so
START GROUP
LOAD /home/shizhai/new_zhongwang/trunk/staging_dir/toolchain-mips_r2_gcc-4.6-linaro_uClibc-0.9.33.2/lib/gcc/mips-openwrt-linux-uclibc/4.6.4/../../../../mips-openwrt-linux-uclibc/lib/libc.so.0
LOAD /home/shizhai/new_zhongwang/trunk/staging_dir/toolchain-mips_r2_gcc-4.6-linaro_uClibc-0.9.33.2/lib/gcc/mips-openwrt-linux-uclibc/4.6.4/../../../../mips-openwrt-linux-uclibc/lib/uclibc_nonshared.a
LOAD /home/shizhai/new_zhongwang/trunk/staging_dir/toolchain-mips_r2_gcc-4.6-linaro_uClibc-0.9.33.2/lib/gcc/mips-openwrt-linux-uclibc/4.6.4/../../../../mips-openwrt-linux-uclibc/lib/ld-uClibc.so.0
END GROUP
LOAD /home/shizhai/new_zhongwang/trunk/staging_dir/toolchain-mips_r2_gcc-4.6-linaro_uClibc-0.9.33.2/lib/gcc/mips-openwrt-linux-uclibc/4.6.4/../../../../mips-openwrt-linux-uclibc/lib/libgcc_s.so
LOAD /home/shizhai/new_zhongwang/trunk/staging_dir/toolchain-mips_r2_gcc-4.6-linaro_uClibc-0.9.33.2/lib/gcc/mips-openwrt-linux-uclibc/4.6.4/crtend.o
LOAD /home/shizhai/new_zhongwang/trunk/staging_dir/toolchain-mips_r2_gcc-4.6-linaro_uClibc-0.9.33.2/lib/gcc/mips-openwrt-linux-uclibc/4.6.4/../../../../mips-openwrt-linux-uclibc/lib/crtn.o
                0x0000000000400000                PROVIDE (__executable_start, 0x400000)
                0x0000000000400114                . = (0x400000 + SIZEOF_HEADERS)

.interp         0x0000000000400114       0x14
 *(SORT(.interp))
 .interp        0x0000000000400114       0x14 /home/shizhai/new_zhongwang/trunk/staging_dir/toolchain-mips_r2_gcc-4.6-linaro_uClibc-0.9.33.2/lib/gcc/mips-openwrt-linux-uclibc/4.6.4/../../../../mips-openwrt-linux-uclibc/lib/crt1.o

.reginfo
 *(SORT(.reginfo))

.note.gnu.build-id
 *(SORT(.note.gnu.build-id))

.dynamic        0x0000000000400128      0x128
 *(SORT(.dynamic))
 .dynamic       0x0000000000400128      0x128 /home/shizhai/new_zhongwang/trunk/staging_dir/toolchain-mips_r2_gcc-4.6-linaro_uClibc-0.9.33.2/lib/gcc/mips-openwrt-linux-uclibc/4.6.4/../../../../mips-openwrt-linux-uclibc/lib/crt1.o
                0x0000000000400128                _DYNAMIC

.hash           0x0000000000400250      0x96c
 *(SORT(.hash))
 .hash          0x0000000000400250      0x96c /home/shizhai/new_zhongwang/trunk/staging_dir/toolchain-mips_r2_gcc-4.6-linaro_uClibc-0.9.33.2/lib/gcc/mips-openwrt-linux-uclibc/4.6.4/../../../../mips-openwrt-linux-uclibc/lib/crt1.o

.gnu.hash
 *(SORT(.gnu.hash))

.dynsym         0x0000000000400bbc     0x1520
 *(SORT(.dynsym))
 .dynsym        0x0000000000400bbc     0x1520 /home/shizhai/new_zhongwang/trunk/staging_dir/toolchain-mips_r2_gcc-4.6-linaro_uClibc-0.9.33.2/lib/gcc/mips-openwrt-linux-uclibc/4.6.4/../../../../mips-openwrt-linux-uclibc/lib/crt1.o

.dynstr         0x00000000004020dc      0xa80
 *(SORT(.dynstr))
 .dynstr        0x00000000004020dc      0xa80 /home/shizhai/new_zhongwang/trunk/staging_dir/toolchain-mips_r2_gcc-4.6-linaro_uClibc-0.9.33.2/lib/gcc/mips-openwrt-linux-uclibc/4.6.4/../../../../mips-openwrt-linux-uclibc/lib/crt1.o

.gnu.version    0x0000000000402b5c      0x2a4
 *(SORT(.gnu.version))
 .gnu.version   0x0000000000402b5c      0x2a4 /home/shizhai/new_zhongwang/trunk/staging_dir/toolchain-mips_r2_gcc-4.6-linaro_uClibc-0.9.33.2/lib/gcc/mips-openwrt-linux-uclibc/4.6.4/../../../../mips-openwrt-linux-uclibc/lib/crt1.o

.gnu.version_d  0x0000000000402e00        0x0
 *(SORT(.gnu.version_d))
 .gnu.version_d
                0x0000000000000000        0x0 /home/shizhai/new_zhongwang/trunk/staging_dir/toolchain-mips_r2_gcc-4.6-linaro_uClibc-0.9.33.2/lib/gcc/mips-openwrt-linux-uclibc/4.6.4/../../../../mips-openwrt-linux-uclibc/lib/crt1.o

.gnu.version_r  0x0000000000402e00       0x40
 *(SORT(.gnu.version_r))
 .gnu.version_r
                0x0000000000402e00       0x40 /home/shizhai/new_zhongwang/trunk/staging_dir/toolchain-mips_r2_gcc-4.6-linaro_uClibc-0.9.33.2/lib/gcc/mips-openwrt-linux-uclibc/4.6.4/../../../../mips-openwrt-linux-uclibc/lib/crt1.o

.rel.dyn        0x0000000000402e40       0x58
 *(SORT(.rel.init))
 *(SORT(.rel.text) SORT(.rel.text.*) SORT(.rel.gnu.linkonce.t.*))
 *(SORT(.rel.fini))
 *(SORT(.rel.rodata) SORT(.rel.rodata.*) SORT(.rel.gnu.linkonce.r.*))
 *(SORT(.rel.data.rel.ro*) SORT(.rel.gnu.linkonce.d.rel.ro.*))
 *(SORT(.rel.data) SORT(.rel.data.*) SORT(.rel.gnu.linkonce.d.*))
 *(SORT(.rel.tdata) SORT(.rel.tdata.*) SORT(.rel.gnu.linkonce.td.*))
 *(SORT(.rel.tbss) SORT(.rel.tbss.*) SORT(.rel.gnu.linkonce.tb.*))
 *(SORT(.rel.ctors))
 *(SORT(.rel.dtors))
 *(SORT(.rel.got))
 *(SORT(.rel.dyn))
 .rel.dyn       0x0000000000402e40       0x58 /home/shizhai/new_zhongwang/trunk/staging_dir/toolchain-mips_r2_gcc-4.6-linaro_uClibc-0.9.33.2/lib/gcc/mips-openwrt-linux-uclibc/4.6.4/../../../../mips-openwrt-linux-uclibc/lib/crt1.o
 *(SORT(.rel.sdata) SORT(.rel.sdata.*) SORT(.rel.gnu.linkonce.s.*))
 *(SORT(.rel.sbss) SORT(.rel.sbss.*) SORT(.rel.gnu.linkonce.sb.*))
 *(SORT(.rel.sdata2) SORT(.rel.sdata2.*) SORT(.rel.gnu.linkonce.s2.*))
 *(SORT(.rel.sbss2) SORT(.rel.sbss2.*) SORT(.rel.gnu.linkonce.sb2.*))
 *(SORT(.rel.bss) SORT(.rel.bss.*) SORT(.rel.gnu.linkonce.b.*))
 .rel.bss       0x0000000000000000        0x0 /home/shizhai/new_zhongwang/trunk/staging_dir/toolchain-mips_r2_gcc-4.6-linaro_uClibc-0.9.33.2/lib/gcc/mips-openwrt-linux-uclibc/4.6.4/../../../../mips-openwrt-linux-uclibc/lib/crt1.o
                0x0000000000402e98                PROVIDE (__rel_iplt_start, .)
 *(SORT(.rel.iplt))
                0x0000000000402e98                PROVIDE (__rel_iplt_end, .)
                0x0000000000402e98                PROVIDE (__rela_iplt_start, .)
                0x0000000000402e98                PROVIDE (__rela_iplt_end, .)

.rela.dyn       0x0000000000402e98        0x0
 *(SORT(.rela.init))
 *(SORT(.rela.text) SORT(.rela.text.*) SORT(.rela.gnu.linkonce.t.*))
 *(SORT(.rela.fini))
 *(SORT(.rela.rodata) SORT(.rela.rodata.*) SORT(.rela.gnu.linkonce.r.*))
 *(SORT(.rela.data) SORT(.rela.data.*) SORT(.rela.gnu.linkonce.d.*))
 *(SORT(.rela.tdata) SORT(.rela.tdata.*) SORT(.rela.gnu.linkonce.td.*))
 *(SORT(.rela.tbss) SORT(.rela.tbss.*) SORT(.rela.gnu.linkonce.tb.*))
 *(SORT(.rela.ctors))
 *(SORT(.rela.dtors))
 *(SORT(.rela.got))
 *(SORT(.rela.sdata) SORT(.rela.sdata.*) SORT(.rela.gnu.linkonce.s.*))
 *(SORT(.rela.sbss) SORT(.rela.sbss.*) SORT(.rela.gnu.linkonce.sb.*))
 *(SORT(.rela.sdata2) SORT(.rela.sdata2.*) SORT(.rela.gnu.linkonce.s2.*))
 *(SORT(.rela.sbss2) SORT(.rela.sbss2.*) SORT(.rela.gnu.linkonce.sb2.*))
 *(SORT(.rela.bss) SORT(.rela.bss.*) SORT(.rela.gnu.linkonce.b.*))
                0x0000000000402e98                PROVIDE (__rel_iplt_start, .)
                0x0000000000402e98                PROVIDE (__rel_iplt_end, .)
                0x0000000000402e98                PROVIDE (__rela_iplt_start, .)
 *(SORT(.rela.iplt))
                0x0000000000402e98                PROVIDE (__rela_iplt_end, .)

.rel.plt        0x0000000000402e98      0x9c0
 *(SORT(.rel.plt))
 .rel.plt       0x0000000000402e98      0x9c0 /home/shizhai/new_zhongwang/trunk/staging_dir/toolchain-mips_r2_gcc-4.6-linaro_uClibc-0.9.33.2/lib/gcc/mips-openwrt-linux-uclibc/4.6.4/../../../../mips-openwrt-linux-uclibc/lib/crt1.o

.rela.plt
 *(SORT(.rela.plt))

.init           0x0000000000403858       0x38
 *(SORT(.init))
 .init          0x0000000000403858       0x1c /home/shizhai/new_zhongwang/trunk/staging_dir/toolchain-mips_r2_gcc-4.6-linaro_uClibc-0.9.33.2/lib/gcc/mips-openwrt-linux-uclibc/4.6.4/../../../../mips-openwrt-linux-uclibc/lib/crti.o
                0x0000000000403858                _init
 .init          0x0000000000403874        0xc /home/shizhai/new_zhongwang/trunk/staging_dir/toolchain-mips_r2_gcc-4.6-linaro_uClibc-0.9.33.2/lib/gcc/mips-openwrt-linux-uclibc/4.6.4/../../../../mips-openwrt-linux-uclibc/lib/crtn.o
 .init          0x0000000000403880       0x10 /home/shizhai/new_zhongwang/trunk/staging_dir/toolchain-mips_r2_gcc-4.6-linaro_uClibc-0.9.33.2/lib/gcc/mips-openwrt-linux-uclibc/4.6.4/crtend.o

.plt            0x00000000004038a0     0x13a0
 *(SORT(.plt))
 *fill*         0x00000000004038a0        0x0 00
 .plt           0x00000000004038a0     0x13a0 /home/shizhai/new_zhongwang/trunk/staging_dir/toolchain-mips_r2_gcc-4.6-linaro_uClibc-0.9.33.2/lib/gcc/mips-openwrt-linux-uclibc/4.6.4/../../../../mips-openwrt-linux-uclibc/lib/crt1.o
                0x00000000004038a0                _PROCEDURE_LINKAGE_TABLE_
                0x00000000004038c0                longjmp
                0x00000000004038d0                stpcpy
                0x00000000004038e0                __umoddi3@@GLIBC_2.0
                0x00000000004038f0                chroot
                0x0000000000403900                strcpy
                0x0000000000403910                setrlimit64
                0x0000000000403920                unsetenv
                0x0000000000403930                log
                0x0000000000403940                mkstemp64
                0x0000000000403950                sqrt
                0x0000000000403960                waitpid
                0x0000000000403970                __divdi3@@GLIBC_2.0
                0x0000000000403980                ioctl
                0x0000000000403990                if_indextoname
                0x00000000004039a0                getgid
                0x00000000004039b0                popen
                0x00000000004039c0                sysconf
                0x00000000004039d0                printf
                0x00000000004039e0                vsprintf
                0x00000000004039f0                random
                0x0000000000403a00                getspnam_r
                0x0000000000403a10                __divdf3@@GCC_3.0
                0x0000000000403a20                recv
                0x0000000000403a30                connect
                0x0000000000403a40                ungetc
                0x0000000000403a50                utimes
                0x0000000000403a60                strerror
                0x0000000000403a70                memrchr
                0x0000000000403a80                geteuid
                0x0000000000403a90                inet_pton
                0x0000000000403aa0                stat64
                0x0000000000403ab0                memmove
                0x0000000000403ac0                pclose
                0x0000000000403ad0                getopt_long
                0x0000000000403ae0                snprintf
                0x0000000000403af0                __gedf2@@GCC_3.0
                0x0000000000403b00                mknod
                0x0000000000403b10                __gtdf2
                0x0000000000403b20                getgrgid
                0x0000000000403b30                times
                0x0000000000403b40                statfs64
                0x0000000000403b50                getenv
                0x0000000000403b60                fchmod
                0x0000000000403b70                getegid
                0x0000000000403b80                setlinebuf
                0x0000000000403b90                setpriority
                0x0000000000403ba0                getpriority
                0x0000000000403bb0                __subdf3@@GCC_3.0
                0x0000000000403bc0                bsearch
                0x0000000000403bd0                usleep
                0x0000000000403be0                execve
                0x0000000000403bf0                getpagesize
                0x0000000000403c00                getpid
                0x0000000000403c10                qsort
                0x0000000000403c20                fchown
                0x0000000000403c30                fscanf
                0x0000000000403c40                dirname
                0x0000000000403c50                fcntl64
                0x0000000000403c60                getrlimit64
                0x0000000000403c70                memcpy
                0x0000000000403c80                execl
                0x0000000000403c90                perror
                0x0000000000403ca0                readlink
                0x0000000000403cb0                puts
                0x0000000000403cc0                dup2
                0x0000000000403cd0                tcflush
                0x0000000000403ce0                getuid
                0x0000000000403cf0                system
                0x0000000000403d00                feof
                0x0000000000403d10                hasmntopt
                0x0000000000403d20                malloc
                0x0000000000403d30                isatty
                0x0000000000403d40                siglongjmp
                0x0000000000403d50                sleep
                0x0000000000403d60                sysinfo
                0x0000000000403d70                vsnprintf
                0x0000000000403d80                strtoll
                0x0000000000403d90                recvfrom
                0x0000000000403da0                pivot_root
                0x0000000000403db0                strtoul
                0x0000000000403dc0                gethostbyaddr
                0x0000000000403dd0                settimeofday
                0x0000000000403de0                rmdir
                0x0000000000403df0                socket
                0x0000000000403e00                select
                0x0000000000403e10                init_module
                0x0000000000403e20                lchown
                0x0000000000403e30                delete_module
                0x0000000000403e40                mempcpy
                0x0000000000403e50                fflush
                0x0000000000403e60                realpath
                0x0000000000403e70                putenv
                0x0000000000403e80                sigaddset
                0x0000000000403e90                clearenv
                0x0000000000403ea0                chown
                0x0000000000403eb0                strncasecmp
                0x0000000000403ec0                setpgid
                0x0000000000403ed0                freeaddrinfo
                0x0000000000403ee0                __fgetc_unlocked
                0x0000000000403ef0                gmtime_r
                0x0000000000403f00                chmod
                0x0000000000403f10                getnameinfo
                0x0000000000403f20                __floatunsidf@@GCC_4.2.0
                0x0000000000403f30                fstat64
                0x0000000000403f40                alarm
                0x0000000000403f50                strtol
                0x0000000000403f60                __sigsetjmp
                0x0000000000403f70                pipe
                0x0000000000403f80                getpgrp
                0x0000000000403f90                strnlen
                0x0000000000403fa0                uname
                0x0000000000403fb0                accept
                0x0000000000403fc0                rename
                0x0000000000403fd0                strrchr
                0x0000000000403fe0                strtod
                0x0000000000403ff0                gai_strerror
                0x0000000000404000                write
                0x0000000000404010                fdatasync
                0x0000000000404020                fprintf
                0x0000000000404030                kill
                0x0000000000404040                fputs_unlocked
                0x0000000000404050                ctime
                0x0000000000404060                __ledf2
                0x0000000000404070                strcat
                0x0000000000404080                bind
                0x0000000000404090                getmntent_r
                0x00000000004040a0                inet_addr
                0x00000000004040b0                vprintf
                0x00000000004040c0                umount2
                0x00000000004040d0                mkfifo
                0x00000000004040e0                if_nametoindex
                0x00000000004040f0                reboot
                0x0000000000404100                chdir
                0x0000000000404110                initgroups
                0x0000000000404120                endgrent
                0x0000000000404130                setsockopt
                0x0000000000404140                fseek
                0x0000000000404150                wait3
                0x0000000000404160                cos
                0x0000000000404170                memchr
                0x0000000000404180                swapoff
                0x0000000000404190                __eqdf2@@GCC_3.0
                0x00000000004041a0                __lshrdi3@@GCC_3.0
                0x00000000004041b0                umask
                0x00000000004041c0                __ashldi3@@GCC_3.0
                0x00000000004041d0                dprintf
                0x00000000004041e0                mktime
                0x00000000004041f0                strcasestr
                0x0000000000404200                ferror
                0x0000000000404210                strstr
                0x0000000000404220                unlockpt
                0x0000000000404230                sin
                0x0000000000404240                rand
                0x0000000000404250                flock
                0x0000000000404260                setgid
                0x0000000000404270                atan2
                0x0000000000404280                signal
                0x0000000000404290                read
                0x00000000004042a0                openlog
                0x00000000004042b0                sendmsg
                0x00000000004042c0                closelog
                0x00000000004042d0                strncmp
                0x00000000004042e0                __cmsg_nxthdr
                0x00000000004042f0                setpgrp
                0x0000000000404300                pow
                0x0000000000404310                strncpy
                0x0000000000404320                unlink
                0x0000000000404330                sync
                0x0000000000404340                setenv
                0x0000000000404350                freopen64
                0x0000000000404360                __floatsidf@@GCC_3.0
                0x0000000000404370                strcasecmp
                0x0000000000404380                sendto
                0x0000000000404390                realloc
                0x00000000004043a0                __udivdi3@@GLIBC_2.0
                0x00000000004043b0                readdir64
                0x00000000004043c0                strtok
                0x00000000004043d0                memcmp
                0x00000000004043e0                listen
                0x00000000004043f0                crypt
                0x0000000000404400                fdopen
                0x0000000000404410                fork
                0x0000000000404420                sscanf
                0x0000000000404430                execv
                0x0000000000404440                setmntent
                0x0000000000404450                __truncdfsf2@@GCC_3.0
                0x0000000000404460                lstat64
                0x0000000000404470                strncat
                0x0000000000404480                execlp
                0x0000000000404490                sigaction
                0x00000000004044a0                endmntent
                0x00000000004044b0                __res_init
                0x00000000004044c0                killpg
                0x00000000004044d0                fread
                0x00000000004044e0                ttyname_r
                0x00000000004044f0                strdup
                0x0000000000404500                inet_aton
                0x0000000000404510                strtoull
                0x0000000000404520                regcomp
                0x0000000000404530                symlink
                0x0000000000404540                gettimeofday
                0x0000000000404550                getopt
                0x0000000000404560                localtime
                0x0000000000404570                memset
                0x0000000000404580                fnmatch
                0x0000000000404590                cfmakeraw
                0x00000000004045a0                __muldf3@@GCC_3.0
                0x00000000004045b0                getsid
                0x00000000004045c0                ftell
                0x00000000004045d0                srand
                0x00000000004045e0                __ltdf2@@GCC_3.0
                0x00000000004045f0                clearerr
                0x0000000000404600                mallopt
                0x0000000000404610                fclose
                0x0000000000404620                grantpt
                0x0000000000404630                open64
                0x0000000000404640                inet_ntoa
                0x0000000000404650                getppid
                0x0000000000404660                tcgetattr
                0x0000000000404670                getservbyport
                0x0000000000404680                regexec
                0x0000000000404690                time
                0x00000000004046a0                opendir
                0x00000000004046b0                getgroups
                0x00000000004046c0                poll
                0x00000000004046d0                getgrouplist
                0x00000000004046e0                syslog
                0x00000000004046f0                exp
                0x0000000000404700                mount
                0x0000000000404710                strcmp
                0x0000000000404720                shutdown
                0x0000000000404730                getpwuid
                0x0000000000404740                dup
                0x0000000000404750                swapon
                0x0000000000404760                getcwd
                0x0000000000404770                __ashrdi3@@GCC_3.0
                0x0000000000404780                __res_state
                0x0000000000404790                gethostbyname
                0x00000000004047a0                strsignal
                0x00000000004047b0                getpwnam
                0x00000000004047c0                getservbyname
                0x00000000004047d0                sprintf
                0x00000000004047e0                strcspn
                0x00000000004047f0                getpeername
                0x0000000000404800                regerror
                0x0000000000404810                umount
                0x0000000000404820                vfork
                0x0000000000404830                srandom
                0x0000000000404840                strsep
                0x0000000000404850                __fixdfsi@@GCC_3.0
                0x0000000000404860                fsync
                0x0000000000404870                __adddf3@@GCC_3.0
                0x0000000000404880                localtime_r
                0x0000000000404890                getaddrinfo
                0x00000000004048a0                __moddi3@@GLIBC_2.0
                0x00000000004048b0                strftime
                0x00000000004048c0                mkdtemp
                0x00000000004048d0                getmntent
                0x00000000004048e0                fwrite
                0x00000000004048f0                access
                0x0000000000404900                __extendsfdf2@@GCC_3.0
                0x0000000000404910                strptime
                0x0000000000404920                tcgetpgrp
                0x0000000000404930                __errno_location
                0x0000000000404940                link
                0x0000000000404950                exit
                0x0000000000404960                __fixunsdfsi@@GCC_3.0
                0x0000000000404970                ether_ntoa
                0x0000000000404980                stime
                0x0000000000404990                klogctl
                0x00000000004049a0                setbuf
                0x00000000004049b0                inet_ntop
                0x00000000004049c0                getgrnam
                0x00000000004049d0                atoi
                0x00000000004049e0                fileno
                0x00000000004049f0                _setjmp
                0x0000000000404a00                fgets_unlocked
                0x0000000000404a10                getline
                0x0000000000404a20                _exit
                0x0000000000404a30                strverscmp
                0x0000000000404a40                strspn
                0x0000000000404a50                __nedf2@@GCC_3.0
                0x0000000000404a60                strlen
                0x0000000000404a70                lseek64
                0x0000000000404a80                ptsname_r
                0x0000000000404a90                regfree
                0x0000000000404aa0                strchr
                0x0000000000404ab0                fputs
                0x0000000000404ac0                adjtimex
                0x0000000000404ad0                execvp
                0x0000000000404ae0                setsid
                0x0000000000404af0                closedir
                0x0000000000404b00                vasprintf
                0x0000000000404b10                recvmsg
                0x0000000000404b20                strchrnul
                0x0000000000404b30                tzset
                0x0000000000404b40                setuid
                0x0000000000404b50                gethostid
                0x0000000000404b60                tcsetattr
                0x0000000000404b70                mkdir
                0x0000000000404b80                close
                0x0000000000404b90                vfprintf
                0x0000000000404ba0                strpbrk
                0x0000000000404bb0                tcsetpgrp
                0x0000000000404bc0                sigsuspend
                0x0000000000404bd0                raise
                0x0000000000404be0                free
                0x0000000000404bf0                sigprocmask
                0x0000000000404c00                __fputc_unlocked
                0x0000000000404c10                getsockname
                0x0000000000404c20                fopen64
                0x0000000000404c30                ftruncate64

.iplt
 *(SORT(.iplt))

.text           0x0000000000404c40    0x55298
                0x0000000000404c40                _ftext = .
 *(SORT(.text.unlikely) SORT(.text.*_unlikely))
 *(SORT(.text.exit) SORT(.text.exit.*))
 *(SORT(.text.startup) SORT(.text.startup.*))
 *(SORT(.text.hot) SORT(.text.hot.*))
 *(SORT(.text) SORT(.stub) SORT(.text.*) SORT(.gnu.linkonce.t.*))
 .text          0x0000000000404c40       0x60 /home/shizhai/new_zhongwang/trunk/staging_dir/toolchain-mips_r2_gcc-4.6-linaro_uClibc-0.9.33.2/lib/gcc/mips-openwrt-linux-uclibc/4.6.4/../../../../mips-openwrt-linux-uclibc/lib/crt1.o
                0x0000000000404c40                __start
 .text          0x0000000000404ca0       0xa0 /home/shizhai/new_zhongwang/trunk/staging_dir/toolchain-mips_r2_gcc-4.6-linaro_uClibc-0.9.33.2/lib/gcc/mips-openwrt-linux-uclibc/4.6.4/crtbegin.o
 .text          0x0000000000404d40       0x50 /home/shizhai/new_zhongwang/trunk/staging_dir/toolchain-mips_r2_gcc-4.6-linaro_uClibc-0.9.33.2/lib/gcc/mips-openwrt-linux-uclibc/4.6.4/crtend.o
 .text.applet_name_compare
                0x0000000000404d90       0x2c libbb/lib.a(appletlib.o)
 .text.find_applet_by_name
                0x0000000000404dbc       0x50 libbb/lib.a(appletlib.o)
                0x0000000000404dbc                find_applet_by_name
 .text.bb_show_usage
                0x0000000000404e0c       0xfc libbb/lib.a(appletlib.o)
                0x0000000000404e0c                bb_show_usage
 .text.lbb_prepare
                0x0000000000404f08       0x34 libbb/lib.a(appletlib.o)
                0x0000000000404f08                lbb_prepare
 .text.run_applet_no_and_exit
                0x0000000000404f3c      0x134 libbb/lib.a(appletlib.o)
                0x0000000000404f3c                run_applet_no_and_exit
 .text.run_applet_and_exit
                0x0000000000405070      0x260 libbb/lib.a(appletlib.o)
                0x0000000000405070                run_applet_and_exit
 .text.main     0x00000000004052d0       0x98 libbb/lib.a(appletlib.o)
                0x00000000004052d0                main
 .text.bb_basename
                0x0000000000405368       0x34 libbb/lib.a(get_last_path_component.o)
                0x0000000000405368                bb_basename
 .text.bb_get_last_path_component_nostrip
                0x000000000040539c       0x4c libbb/lib.a(get_last_path_component.o)
                0x000000000040539c                bb_get_last_path_component_nostrip
 .text.bb_get_last_path_component_strip
                0x00000000004053e8       0x58 libbb/lib.a(get_last_path_component.o)
                0x00000000004053e8                bb_get_last_path_component_strip
 .text.last_char_is
                0x0000000000405440       0x64 libbb/lib.a(last_char_is.o)
                0x0000000000405440                last_char_is
 .text.bb_verror_msg
                0x00000000004054a4      0x200 libbb/lib.a(verror_msg.o)
                0x00000000004054a4                bb_verror_msg
 .text.bb_error_msg_and_die
                0x00000000004056a4       0x2c libbb/lib.a(verror_msg.o)
                0x00000000004056a4                bb_error_msg_and_die
 .text.bb_error_msg
                0x00000000004056d0       0x30 libbb/lib.a(verror_msg.o)
                0x00000000004056d0                bb_error_msg
 .text.xfunc_die
                0x0000000000405700       0x48 libbb/lib.a(xfunc_die.o)
                0x0000000000405700                xfunc_die
 .text.wh_helper
                0x0000000000405748       0x70 libbb/lib.a(xfuncs.o)
 .text.ndelay_on
                0x00000000004057b8       0x48 libbb/lib.a(xfuncs.o)
                0x00000000004057b8                ndelay_on
 .text.ndelay_off
                0x0000000000405800       0x4c libbb/lib.a(xfuncs.o)
                0x0000000000405800                ndelay_off
 .text.close_on_exec_on
                0x000000000040584c        0xc libbb/lib.a(xfuncs.o)
                0x000000000040584c                close_on_exec_on
 .text.strncpy_IFNAMSIZ
                0x0000000000405858        0x8 libbb/lib.a(xfuncs.o)
                0x0000000000405858                strncpy_IFNAMSIZ
 .text.utoa_to_buf
                0x0000000000405860       0x7c libbb/lib.a(xfuncs.o)
                0x0000000000405860                utoa_to_buf
 .text.itoa_to_buf
                0x00000000004058dc       0x34 libbb/lib.a(xfuncs.o)
                0x00000000004058dc                itoa_to_buf
 .text.utoa     0x0000000000405910       0x34 libbb/lib.a(xfuncs.o)
                0x0000000000405910                utoa
 .text.itoa     0x0000000000405944       0x34 libbb/lib.a(xfuncs.o)
                0x0000000000405944                itoa
 .text.bin2hex  0x0000000000405978       0x60 libbb/lib.a(xfuncs.o)
                0x0000000000405978                bin2hex
 .text.hex2bin  0x00000000004059d8       0xfc libbb/lib.a(xfuncs.o)
                0x00000000004059d8                hex2bin
 .text.bb_putchar_stderr
                0x0000000000405ad4       0x28 libbb/lib.a(xfuncs.o)
                0x0000000000405ad4                bb_putchar_stderr
 .text.full_write1_str
                0x0000000000405afc       0x30 libbb/lib.a(xfuncs.o)
                0x0000000000405afc                full_write1_str
 .text.full_write2_str
                0x0000000000405b2c       0x30 libbb/lib.a(xfuncs.o)
                0x0000000000405b2c                full_write2_str
 .text.get_terminal_width_height
                0x0000000000405b5c       0x9c libbb/lib.a(xfuncs.o)
                0x0000000000405b5c                get_terminal_width_height
 .text.tcsetattr_stdin_TCSANOW
                0x0000000000405bf8       0x10 libbb/lib.a(xfuncs.o)
                0x0000000000405bf8                tcsetattr_stdin_TCSANOW
 .text.safe_waitpid
                0x0000000000405c08       0x84 libbb/lib.a(xfuncs.o)
                0x0000000000405c08                safe_waitpid
 .text.wait_any_nohang
                0x0000000000405c8c       0x10 libbb/lib.a(xfuncs.o)
                0x0000000000405c8c                wait_any_nohang
 .text.wait4pid
                0x0000000000405c9c       0x68 libbb/lib.a(xfuncs.o)
                0x0000000000405c9c                wait4pid
 .text.malloc_or_warn
                0x0000000000405d04       0x4c libbb/lib.a(xfuncs_printf.o)
                0x0000000000405d04                malloc_or_warn
 .text.xmalloc  0x0000000000405d50       0x3c libbb/lib.a(xfuncs_printf.o)
                0x0000000000405d50                xmalloc
 .text.xrealloc
                0x0000000000405d8c       0x3c libbb/lib.a(xfuncs_printf.o)
                0x0000000000405d8c                xrealloc
 .text.xzalloc  0x0000000000405dc8       0x44 libbb/lib.a(xfuncs_printf.o)
                0x0000000000405dc8                xzalloc
 .text.xstrdup  0x0000000000405e0c       0x38 libbb/lib.a(xfuncs_printf.o)
                0x0000000000405e0c                xstrdup
 .text.xstrndup
                0x0000000000405e44       0x6c libbb/lib.a(xfuncs_printf.o)
                0x0000000000405e44                xstrndup
 .text.xfopen   0x0000000000405eb0       0x38 libbb/lib.a(xfuncs_printf.o)
                0x0000000000405eb0                xfopen
 .text.xopen3   0x0000000000405ee8       0x38 libbb/lib.a(xfuncs_printf.o)
                0x0000000000405ee8                xopen3
 .text.xopen    0x0000000000405f20        0x8 libbb/lib.a(xfuncs_printf.o)
                0x0000000000405f20                xopen
 .text.open3_or_warn
                0x0000000000405f28       0x48 libbb/lib.a(xfuncs_printf.o)
                0x0000000000405f28                open3_or_warn
 .text.open_or_warn
                0x0000000000405f70        0x8 libbb/lib.a(xfuncs_printf.o)
                0x0000000000405f70                open_or_warn
 .text.xunlink  0x0000000000405f78       0x38 libbb/lib.a(xfuncs_printf.o)
                0x0000000000405f78                xunlink
 .text.xrename  0x0000000000405fb0       0x48 libbb/lib.a(xfuncs_printf.o)
                0x0000000000405fb0                xrename
 .text.xpipe    0x0000000000405ff8       0x2c libbb/lib.a(xfuncs_printf.o)
                0x0000000000405ff8                xpipe
 .text.xdup2    0x0000000000406024       0x34 libbb/lib.a(xfuncs_printf.o)
                0x0000000000406024                xdup2
 .text.xmove_fd
                0x0000000000406058       0x40 libbb/lib.a(xfuncs_printf.o)
                0x0000000000406058                xmove_fd
 .text.xwrite   0x0000000000406098       0x40 libbb/lib.a(xfuncs_printf.o)
                0x0000000000406098                xwrite
 .text.xwrite_str
                0x00000000004060d8       0x40 libbb/lib.a(xfuncs_printf.o)
                0x00000000004060d8                xwrite_str
 .text.xclose   0x0000000000406118       0x2c libbb/lib.a(xfuncs_printf.o)
                0x0000000000406118                xclose
 .text.xlseek   0x0000000000406144       0x74 libbb/lib.a(xfuncs_printf.o)
                0x0000000000406144                xlseek
 .text.xmkstemp
                0x00000000004061b8       0x38 libbb/lib.a(xfuncs_printf.o)
                0x00000000004061b8                xmkstemp
 .text.die_if_ferror
                0x00000000004061f0       0x38 libbb/lib.a(xfuncs_printf.o)
                0x00000000004061f0                die_if_ferror
 .text.die_if_ferror_stdout
                0x0000000000406228       0x14 libbb/lib.a(xfuncs_printf.o)
                0x0000000000406228                die_if_ferror_stdout
 .text.fflush_all
                0x000000000040623c        0x8 libbb/lib.a(xfuncs_printf.o)
                0x000000000040623c                fflush_all
 .text.bb_putchar
                0x0000000000406244       0x34 libbb/lib.a(xfuncs_printf.o)
                0x0000000000406244                bb_putchar
 .text.xprint_and_close_file
                0x0000000000406278       0x54 libbb/lib.a(xfuncs_printf.o)
                0x0000000000406278                xprint_and_close_file
 .text.xasprintf
                0x00000000004062cc       0x48 libbb/lib.a(xfuncs_printf.o)
                0x00000000004062cc                xasprintf
 .text.xsetenv  0x0000000000406314       0x2c libbb/lib.a(xfuncs_printf.o)
                0x0000000000406314                xsetenv
 .text.bb_unsetenv
                0x0000000000406340       0x58 libbb/lib.a(xfuncs_printf.o)
                0x0000000000406340                bb_unsetenv
 .text.bb_unsetenv_and_free
                0x0000000000406398       0x28 libbb/lib.a(xfuncs_printf.o)
                0x0000000000406398                bb_unsetenv_and_free
 .text.xsetgid  0x00000000004063c0       0x2c libbb/lib.a(xfuncs_printf.o)
                0x00000000004063c0                xsetgid
 .text.xsetuid  0x00000000004063ec       0x2c libbb/lib.a(xfuncs_printf.o)
                0x00000000004063ec                xsetuid
 .text.xchdir   0x0000000000406418       0x38 libbb/lib.a(xfuncs_printf.o)
                0x0000000000406418                xchdir
 .text.xchroot  0x0000000000406450       0x38 libbb/lib.a(xfuncs_printf.o)
                0x0000000000406450                xchroot
 .text.warn_opendir
                0x0000000000406488       0x48 libbb/lib.a(xfuncs_printf.o)
                0x0000000000406488                warn_opendir
 .text.xopendir
                0x00000000004064d0       0x38 libbb/lib.a(xfuncs_printf.o)
                0x00000000004064d0                xopendir
 .text.xsocket  0x0000000000406508       0x98 libbb/lib.a(xfuncs_printf.o)
                0x0000000000406508                xsocket
 .text.xbind    0x00000000004065a0       0x2c libbb/lib.a(xfuncs_printf.o)
                0x00000000004065a0                xbind
 .text.xlisten  0x00000000004065cc       0x2c libbb/lib.a(xfuncs_printf.o)
                0x00000000004065cc                xlisten
 .text.xsendto  0x00000000004065f8       0x38 libbb/lib.a(xfuncs_printf.o)
                0x00000000004065f8                xsendto
 .text.xstat    0x0000000000406630       0x38 libbb/lib.a(xfuncs_printf.o)
                0x0000000000406630                xstat
 .text.xfstat   0x0000000000406668       0x30 libbb/lib.a(xfuncs_printf.o)
                0x0000000000406668                xfstat
 .text.ioctl_or_perror_and_die
                0x0000000000406698       0x60 libbb/lib.a(xfuncs_printf.o)
                0x0000000000406698                ioctl_or_perror_and_die
 .text.ioctl_or_perror
                0x00000000004066f8       0x68 libbb/lib.a(xfuncs_printf.o)
                0x00000000004066f8                ioctl_or_perror
 .text.bb_ioctl_or_warn
                0x0000000000406760       0x40 libbb/lib.a(xfuncs_printf.o)
                0x0000000000406760                bb_ioctl_or_warn
 .text.bb_xioctl
                0x00000000004067a0       0x30 libbb/lib.a(xfuncs_printf.o)
                0x00000000004067a0                bb_xioctl
 .text.xfork    0x00000000004067d0       0x2c libbb/lib.a(xfuncs_printf.o)
                0x00000000004067d0                xfork
 .text.bb_full_fd_action
                0x00000000004067fc      0x180 libbb/lib.a(copyfd.o)
 .text.bb_copyfd_size
                0x000000000040697c       0x20 libbb/lib.a(copyfd.o)
                0x000000000040697c                bb_copyfd_size
 .text.bb_copyfd_exact_size
                0x000000000040699c       0x7c libbb/lib.a(copyfd.o)
                0x000000000040699c                bb_copyfd_exact_size
 .text.bb_copyfd_eof
                0x0000000000406a18        0xc libbb/lib.a(copyfd.o)
                0x0000000000406a18                bb_copyfd_eof
 .text.full_write
                0x0000000000406a24       0x78 libbb/lib.a(full_write.o)
                0x0000000000406a24                full_write
 .text.bb_perror_msg
                0x0000000000406a9c       0x68 libbb/lib.a(perror_msg.o)
                0x0000000000406a9c                bb_perror_msg
 .text.bb_perror_msg_and_die
                0x0000000000406b04       0x5c libbb/lib.a(perror_msg.o)
                0x0000000000406b04                bb_perror_msg_and_die
 .text.bb_simple_perror_msg
                0x0000000000406b60       0x10 libbb/lib.a(perror_msg.o)
                0x0000000000406b60                bb_simple_perror_msg
 .text.bb_simple_perror_msg_and_die
                0x0000000000406b70       0x18 libbb/lib.a(perror_msg.o)
                0x0000000000406b70                bb_simple_perror_msg_and_die
 .text.safe_read
                0x0000000000406b88       0x78 libbb/lib.a(read.o)
                0x0000000000406b88                safe_read
 .text.full_read
                0x0000000000406c00       0x80 libbb/lib.a(read.o)
                0x0000000000406c00                full_read
 .text.read_close
                0x0000000000406c80       0x3c libbb/lib.a(read.o)
                0x0000000000406c80                read_close
 .text.open_read_close
                0x0000000000406cbc       0x58 libbb/lib.a(read.o)
                0x0000000000406cbc                open_read_close
 .text.safe_write
                0x0000000000406d14       0x78 libbb/lib.a(safe_write.o)
                0x0000000000406d14                safe_write
 .text.parse_datestr
                0x0000000000406d8c      0x454 libbb/lib.a(time.o)
                0x0000000000406d8c                parse_datestr
 .text.validate_tm_time
                0x00000000004071e0       0x40 libbb/lib.a(time.o)
                0x00000000004071e0                validate_tm_time
 .text.monotonic_us
                0x0000000000407220       0x4c libbb/lib.a(time.o)
                0x0000000000407220                monotonic_us
 .text.monotonic_ms
                0x000000000040726c       0x54 libbb/lib.a(time.o)
                0x000000000040726c                monotonic_ms
 .text.monotonic_sec
                0x00000000004072c0        0x8 libbb/lib.a(time.o)
                0x00000000004072c0                monotonic_sec
 .text.ret_ERANGE
                0x00000000004072c8       0x1c libbb/lib.a(bb_strtonum.o)
 .text.handle_errors
                0x00000000004072e4       0x60 libbb/lib.a(bb_strtonum.o)
 .text.bb_strtoull
                0x0000000000407344       0x7c libbb/lib.a(bb_strtonum.o)
                0x0000000000407344                bb_strtoull
 .text.bb_strtoll
                0x00000000004073c0       0x88 libbb/lib.a(bb_strtonum.o)
                0x00000000004073c0                bb_strtoll
 .text.bb_strtoul
                0x0000000000407448       0x80 libbb/lib.a(bb_strtonum.o)
                0x0000000000407448                bb_strtoul
 .text.bb_strtol
                0x00000000004074c8       0x8c libbb/lib.a(bb_strtonum.o)
                0x00000000004074c8                bb_strtol
 .text.nuke_str
                0x0000000000407554       0x48 loginutils/lib.a(passwd.o)
 .text.passwd_main
                0x000000000040759c      0x4b8 loginutils/lib.a(passwd.o)
                0x000000000040759c                passwd_main
 .text.delete_cronfile
                0x0000000000407a54       0xec miscutils/lib.a(crond.o)
 .text.crondlog
                0x0000000000407b40       0xec miscutils/lib.a(crond.o)
 .text.ParseField
                0x0000000000407c2c      0x20c miscutils/lib.a(crond.o)
 .text.load_crontab
                0x0000000000407e38      0x2f8 miscutils/lib.a(crond.o)
 .text.rescan_crontab_dir
                0x0000000000408130       0xf0 miscutils/lib.a(crond.o)
 .text.safe_setenv
                0x0000000000408220       0x64 miscutils/lib.a(crond.o)
 .text.start_one_job
                0x0000000000408284      0x144 miscutils/lib.a(crond.o)
 .text.crond_main
                0x00000000004083c8      0x474 miscutils/lib.a(crond.o)
                0x00000000004083c8                crond_main
 .text.open_as_user
                0x000000000040883c       0x8c miscutils/lib.a(crontab.o)
 .text.edit_file
                0x00000000004088c8       0xdc miscutils/lib.a(crontab.o)
 .text.crontab_main
                0x00000000004089a4      0x338 miscutils/lib.a(crontab.o)
                0x00000000004089a4                crontab_main
 .text.clear_line
                0x0000000000408cdc       0x1c miscutils/lib.a(less.o)
 .text.print_statusline
                0x0000000000408cf8       0x40 miscutils/lib.a(less.o)
 .text.read_lines
                0x0000000000408d38      0x350 miscutils/lib.a(less.o)
 .text.move_cursor
                0x0000000000409088       0x18 miscutils/lib.a(less.o)
 .text.print_hilite
                0x00000000004090a0       0x10 miscutils/lib.a(less.o)
 .text.print_ascii
                0x00000000004090b0      0x1e0 miscutils/lib.a(less.o)
 .text.status_print
                0x0000000000409290       0xb0 miscutils/lib.a(less.o)
 .text.buffer_print
                0x0000000000409340       0x64 miscutils/lib.a(less.o)
 .text.buffer_fill_and_print
                0x00000000004093a4       0x90 miscutils/lib.a(less.o)
 .text.reinitialize
                0x0000000000409434       0xd8 miscutils/lib.a(less.o)
 .text.change_file
                0x000000000040950c       0x98 miscutils/lib.a(less.o)
 .text.buffer_down
                0x00000000004095a4       0x90 miscutils/lib.a(less.o)
 .text.buffer_up
                0x0000000000409634       0x34 miscutils/lib.a(less.o)
 .text.buffer_line
                0x0000000000409668       0x6c miscutils/lib.a(less.o)
 .text.set_tty_cooked
                0x00000000004096d4       0x30 miscutils/lib.a(less.o)
 .text.less_exit
                0x0000000000409704       0x34 miscutils/lib.a(less.o)
 .text.getch_nowait
                0x0000000000409738      0x148 miscutils/lib.a(less.o)
 .text.less_getch
                0x0000000000409880       0x78 miscutils/lib.a(less.o)
 .text.less_gets
                0x00000000004098f8      0x11c miscutils/lib.a(less.o)
 .text.sig_catcher
                0x0000000000409a14       0x10 miscutils/lib.a(less.o)
 .text.examine_file
                0x0000000000409a24       0xb0 miscutils/lib.a(less.o)
 .text.less_main
                0x0000000000409ad4      0x874 miscutils/lib.a(less.o)
                0x0000000000409ad4                less_main
 .text.exit_unlock
                0x000000000040a348       0x20 miscutils/lib.a(lock.o)
 .text.lock_main
                0x000000000040a368      0x2cc miscutils/lib.a(lock.o)
                0x000000000040a368                lock_main
 .text.strings_main
                0x000000000040a634      0x218 miscutils/lib.a(strings.o)
                0x000000000040a634                strings_main
 .text.ptok     0x000000000040a84c       0x34 miscutils/lib.a(time.o)
 .text.run_command
                0x000000000040a880      0x12c miscutils/lib.a(time.o)
 .text.time_main
                0x000000000040a9ac      0x5cc miscutils/lib.a(time.o)
                0x000000000040a9ac                time_main
 .text.find_module
                0x000000000040af78      0x1c0 modutils/lib.a(insmod.o)
 .text.check_module_name_match
                0x000000000040b138       0x6c modutils/lib.a(insmod.o)
 .text.insmod_main
                0x000000000040b1a4      0x100 modutils/lib.a(insmod.o)
                0x000000000040b1a4                insmod_main
 .text.lsmod_main
                0x000000000040b2a4      0x148 modutils/lib.a(lsmod.o)
                0x000000000040b2a4                lsmod_main
 .text.filename2modname
                0x000000000040b3ec       0xa4 modutils/lib.a(modutils.o)
                0x000000000040b3ec                filename2modname
 .text.parse_cmdline_module_options
                0x000000000040b490       0xfc modutils/lib.a(modutils.o)
                0x000000000040b490                parse_cmdline_module_options
 .text.bb_init_module
                0x000000000040b58c       0x98 modutils/lib.a(modutils.o)
                0x000000000040b58c                bb_init_module
 .text.bb_delete_module
                0x000000000040b624       0x30 modutils/lib.a(modutils.o)
                0x000000000040b624                bb_delete_module
 .text.moderror
                0x000000000040b654       0x94 modutils/lib.a(modutils.o)
                0x000000000040b654                moderror
 .text.rmmod_main
                0x000000000040b6e8      0x114 modutils/lib.a(rmmod.o)
                0x000000000040b6e8                rmmod_main
 .text.finish   0x000000000040b7fc       0xd4 networking/lib.a(arping.o)
 .text.catcher  0x000000000040b8d0      0x218 networking/lib.a(arping.o)
 .text.arping_main
                0x000000000040bae8      0x8c0 networking/lib.a(arping.o)
                0x000000000040bae8                arping_main
 .text.arm_ioctl
                0x000000000040c3a8       0x14 networking/lib.a(brctl.o)
 .text.brctl_main
                0x000000000040c3bc      0x62c networking/lib.a(brctl.o)
                0x000000000040c3bc                brctl_main
 .text.ifconfig_main
                0x000000000040c9e8      0x578 networking/lib.a(ifconfig.o)
                0x000000000040c9e8                ifconfig_main
 .text.get_afntype
                0x000000000040cf60       0x2c networking/lib.a(interface.o)
 .text.hexchar2int
                0x000000000040cf8c       0x30 networking/lib.a(interface.o)
 .text.ether_input
                0x000000000040cfbc      0x100 networking/lib.a(interface.o)
 .text.add_interface
                0x000000000040d0bc       0xb8 networking/lib.a(interface.o)
 .text.if_readconf
                0x000000000040d174       0xf0 networking/lib.a(interface.o)
 .text.if_readlist_proc
                0x000000000040d264      0x2d0 networking/lib.a(interface.o)
 .text.do_if_fetch
                0x000000000040d534      0x318 networking/lib.a(interface.o)
 .text.print_bytes_scaled
                0x000000000040d84c       0x94 networking/lib.a(interface.o)
 .text.UNSPEC_print
                0x000000000040d8e0       0x9c networking/lib.a(interface.o)
 .text.UNSPEC_sprint
                0x000000000040d97c       0x30 networking/lib.a(interface.o)
 .text.INET6_input
                0x000000000040d9ac        0x8 networking/lib.a(interface.o)
 .text.INET6_sprint
                0x000000000040d9b4       0x74 networking/lib.a(interface.o)
 .text.INET_input
                0x000000000040da28        0x8 networking/lib.a(interface.o)
 .text.INET_sprint
                0x000000000040da30       0x78 networking/lib.a(interface.o)
 .text.ether_print
                0x000000000040daa8       0x6c networking/lib.a(interface.o)
 .text.get_hwntype
                0x000000000040db14       0x2c networking/lib.a(interface.o)
                0x000000000040db14                get_hwntype
 .text.ife_print
                0x000000000040db40      0x664 networking/lib.a(interface.o)
 .text.display_interfaces
                0x000000000040e1a4       0xf4 networking/lib.a(interface.o)
                0x000000000040e1a4                display_interfaces
 .text.nc_main  0x000000000040e298      0x184 networking/lib.a(nc.o)
                0x000000000040e298                nc_main
 .text.netmsg_main
                0x000000000040e41c      0x160 networking/lib.a(netmsg.o)
                0x000000000040e41c                netmsg_main
 .text.prg_cache_get
                0x000000000040e57c       0x58 networking/lib.a(netstat.o)
 .text.dir_act  0x000000000040e5d4       0xec networking/lib.a(netstat.o)
 .text.add_to_prg_cache_if_socket
                0x000000000040e6c0      0x130 networking/lib.a(netstat.o)
 .text.do_info  0x000000000040e7f0       0xe8 networking/lib.a(netstat.o)
 .text.build_ipv4_addr
                0x000000000040e8d8       0x38 networking/lib.a(netstat.o)
 .text.unix_do_one
                0x000000000040e910      0x2ac networking/lib.a(netstat.o)
 .text.build_ipv6_addr
                0x000000000040ebbc       0x70 networking/lib.a(netstat.o)
 .text.scan_inet_proc_line
                0x000000000040ec2c       0xd0 networking/lib.a(netstat.o)
 .text.ip_port_str
                0x000000000040ecfc       0xc4 networking/lib.a(netstat.o)
 .text.print_inet_line
                0x000000000040edc0      0x140 networking/lib.a(netstat.o)
 .text.raw_do_one
                0x000000000040ef00       0x98 networking/lib.a(netstat.o)
 .text.udp_do_one
                0x000000000040ef98       0xcc networking/lib.a(netstat.o)
 .text.tcp_do_one
                0x000000000040f064       0x78 networking/lib.a(netstat.o)
 .text.netstat_main
                0x000000000040f0dc      0x318 networking/lib.a(netstat.o)
                0x000000000040f0dc                netstat_main
 .text.print_host
                0x000000000040f3f4      0x13c networking/lib.a(nslookup.o)
 .text.nslookup_main
                0x000000000040f530      0x100 networking/lib.a(nslookup.o)
                0x000000000040f530                nslookup_main
 .text.my_SQRT  0x000000000040f630       0xe8 networking/lib.a(ntpd.o)
 .text.lfp_to_d
                0x000000000040f718       0x80 networking/lib.a(ntpd.o)
 .text.sfp_to_d
                0x000000000040f798       0x80 networking/lib.a(ntpd.o)
 .text.d_to_lfp
                0x000000000040f818       0x90 networking/lib.a(ntpd.o)
 .text.d_to_sfp
                0x000000000040f8a8       0x90 networking/lib.a(ntpd.o)
 .text.set_next
                0x000000000040f938       0x54 networking/lib.a(ntpd.o)
 .text.filter_datapoints
                0x000000000040f98c      0x51c networking/lib.a(ntpd.o)
 .text.reset_peer_stats
                0x000000000040fea8      0x170 networking/lib.a(ntpd.o)
 .text.compare_point_edge
                0x0000000000410018       0x7c networking/lib.a(ntpd.o)
 .text.compare_survivor_metric
                0x0000000000410094       0x7c networking/lib.a(ntpd.o)
 .text.poll_interval
                0x0000000000410110       0x58 networking/lib.a(ntpd.o)
 .text.do_sendto
                0x0000000000410168       0x84 networking/lib.a(ntpd.o)
 .text.run_script
                0x00000000004101ec      0x18c networking/lib.a(ntpd.o)
 .text.gettime1900d
                0x0000000000410378       0xa8 networking/lib.a(ntpd.o)
 .text.ntp_init
                0x0000000000410420      0x250 networking/lib.a(ntpd.o)
 .text.recv_and_process_client_pkt
                0x0000000000410670      0x224 networking/lib.a(ntpd.o)
 .text.step_time
                0x0000000000410894      0x1fc networking/lib.a(ntpd.o)
 .text.select_and_cluster
                0x0000000000410a90      0x7d8 networking/lib.a(ntpd.o)
 .text.set_new_values.constprop.1
                0x0000000000411268       0x24 networking/lib.a(ntpd.o)
 .text.update_local_clock
                0x000000000041128c      0x4dc networking/lib.a(ntpd.o)
 .text.recv_and_process_peer_pkt
                0x0000000000411768      0x5a8 networking/lib.a(ntpd.o)
 .text.ntpd_main
                0x0000000000411d10      0x4ec networking/lib.a(ntpd.o)
                0x0000000000411d10                ntpd_main
 .text.unpack_tail
                0x00000000004121fc      0x1ec networking/lib.a(ping.o)
 .text.print_stats_and_exit
                0x00000000004123e8      0x194 networking/lib.a(ping.o)
 .text.sendping_tail.constprop.0
                0x000000000041257c      0x188 networking/lib.a(ping.o)
 .text.sendping4
                0x0000000000412704       0xdc networking/lib.a(ping.o)
 .text.sendping6
                0x00000000004127e0       0x64 networking/lib.a(ping.o)
 .text.common_ping_main
                0x0000000000412844      0x930 networking/lib.a(ping.o)
 .text.ping_main
                0x0000000000413174       0x10 networking/lib.a(ping.o)
                0x0000000000413174                ping_main
 .text.ping6_main
                0x0000000000413184       0x10 networking/lib.a(ping.o)
                0x0000000000413184                ping6_main
 .text.set_flags
                0x0000000000413194       0x4c networking/lib.a(route.o)
 .text.kw_lookup
                0x00000000004131e0       0xb0 networking/lib.a(route.o)
 .text.INET6_displayroutes
                0x0000000000413290      0x244 networking/lib.a(route.o)
 .text.INET6_setroute
                0x00000000004134d4      0x2a4 networking/lib.a(route.o)
 .text.INET_setroute
                0x0000000000413778      0x400 networking/lib.a(route.o)
 .text.bb_displayroutes
                0x0000000000413b78      0x24c networking/lib.a(route.o)
                0x0000000000413b78                bb_displayroutes
 .text.route_main
                0x0000000000413dc4      0x194 networking/lib.a(route.o)
                0x0000000000413dc4                route_main
 .text.put_iac  0x0000000000413f58       0x28 networking/lib.a(telnet.o)
 .text.iac_flush
                0x0000000000413f80       0x4c networking/lib.a(telnet.o)
 .text.put_iac2
                0x0000000000413fcc       0x64 networking/lib.a(telnet.o)
 .text.rawmode  0x0000000000414030       0x2c networking/lib.a(telnet.o)
 .text.cookmode
                0x000000000041405c       0x2c networking/lib.a(telnet.o)
 .text.setConMode
                0x0000000000414088       0x88 networking/lib.a(telnet.o)
 .text.doexit   0x0000000000414110       0x1c networking/lib.a(telnet.o)
 .text.con_escape
                0x000000000041412c      0x184 networking/lib.a(telnet.o)
 .text.handle_net_output
                0x00000000004142b0       0xa4 networking/lib.a(telnet.o)
 .text.telnet_main
                0x0000000000414354      0x620 networking/lib.a(telnet.o)
                0x0000000000414354                telnet_main
 .text.make_new_session
                0x0000000000414974      0x224 networking/lib.a(telnetd.o)
 .text.free_session
                0x0000000000414b98      0x100 networking/lib.a(telnetd.o)
 .text.handle_sigchld
                0x0000000000414c98       0x90 networking/lib.a(telnetd.o)
 .text.telnetd_main
                0x0000000000414d28      0x8a0 networking/lib.a(telnetd.o)
                0x0000000000414d28                telnetd_main
 .text.traceroute_main
                0x00000000004155c8      0xb1c networking/lib.a(traceroute.o)
                0x00000000004155c8                traceroute_main
 .text.xfind_str
                0x00000000004160e4       0x60 networking/lib.a(vconfig.o)
 .text.vconfig_main
                0x0000000000416144      0x130 networking/lib.a(vconfig.o)
                0x0000000000416144                vconfig_main
 .text.sanitize_string
                0x0000000000416274       0x28 networking/lib.a(wget.o)
 .text.open_socket
                0x000000000041629c       0x3c networking/lib.a(wget.o)
 .text.base64enc
                0x00000000004162d8       0x5c networking/lib.a(wget.o)
 .text.fgets_and_trim
                0x0000000000416334       0x78 networking/lib.a(wget.o)
 .text.parse_url
                0x00000000004163ac      0x1d4 networking/lib.a(wget.o)
 .text.gethdr   0x0000000000416580      0x134 networking/lib.a(wget.o)
 .text.progress_meter
                0x00000000004166b4       0xec networking/lib.a(wget.o)
 .text.retrieve_file_data
                0x00000000004167a0      0x22c networking/lib.a(wget.o)
 .text.ftpcmd   0x00000000004169cc       0xa8 networking/lib.a(wget.o)
 .text.wget_main
                0x0000000000416a74      0xbb4 networking/lib.a(wget.o)
                0x0000000000416a74                wget_main
 .text.alloc_dhcp_option
                0x0000000000417628       0x90 networking/udhcp/lib.a(dhcpc.o)
 .text.init_packet
                0x00000000004176b8       0xcc networking/udhcp/lib.a(dhcpc.o)
 .text.add_client_options
                0x0000000000417784      0x18c networking/udhcp/lib.a(dhcpc.o)
 .text.raw_bcast_from_client_config_ifindex
                0x0000000000417910       0x4c networking/udhcp/lib.a(dhcpc.o)
 .text.send_discover
                0x000000000041795c       0x84 networking/udhcp/lib.a(dhcpc.o)
 .text.send_select
                0x00000000004179e0       0x90 networking/udhcp/lib.a(dhcpc.o)
 .text.send_renew
                0x0000000000417a70       0x90 networking/udhcp/lib.a(dhcpc.o)
 .text.send_release
                0x0000000000417b00       0x74 networking/udhcp/lib.a(dhcpc.o)
 .text.udhcp_recv_raw_packet
                0x0000000000417b74      0x208 networking/udhcp/lib.a(dhcpc.o)
 .text.client_background
                0x0000000000417d7c       0x3c networking/udhcp/lib.a(dhcpc.o)
 .text.sprint_nip
                0x0000000000417db8       0x44 networking/udhcp/lib.a(dhcpc.o)
 .text.change_listen_mode
                0x0000000000417dfc      0x110 networking/udhcp/lib.a(dhcpc.o)
 .text.xmalloc_optname_optval.isra.0
                0x0000000000417f0c      0x4f4 networking/udhcp/lib.a(dhcpc.o)
 .text.udhcp_run_script
                0x0000000000418400      0x430 networking/udhcp/lib.a(dhcpc.o)
 .text.perform_release
                0x0000000000418830       0xb4 networking/udhcp/lib.a(dhcpc.o)
 .text.udhcpc_main
                0x00000000004188e4      0xaf0 networking/udhcp/lib.a(dhcpc.o)
                0x00000000004188e4                udhcpc_main
 .text.dname_dec
                0x00000000004193d4      0x1ac networking/udhcp/lib.a(domain_codec.o)
                0x00000000004193d4                dname_dec
 .text.dname_enc
                0x0000000000419580      0x25c networking/udhcp/lib.a(domain_codec.o)
                0x0000000000419580                dname_enc
 .text.udhcp_init_header
                0x00000000004197dc       0x94 networking/udhcp/lib.a(packet.o)
                0x00000000004197dc                udhcp_init_header
 .text.udhcp_recv_kernel_packet
                0x0000000000419870       0xe0 networking/udhcp/lib.a(packet.o)
                0x0000000000419870                udhcp_recv_kernel_packet
 .text.udhcp_checksum
                0x0000000000419950       0x68 networking/udhcp/lib.a(packet.o)
                0x0000000000419950                udhcp_checksum
 .text.udhcp_get_payload_len
                0x00000000004199b8       0x20 networking/udhcp/lib.a(packet.o)
                0x00000000004199b8                udhcp_get_payload_len
 .text.udhcp_send_raw_packet
                0x00000000004199d8      0x1dc networking/udhcp/lib.a(packet.o)
                0x00000000004199d8                udhcp_send_raw_packet
 .text.udhcp_send_kernel_packet
                0x0000000000419bb4      0x14c networking/udhcp/lib.a(packet.o)
                0x0000000000419bb4                udhcp_send_kernel_packet
 .text.signal_handler
                0x0000000000419d00       0x44 networking/udhcp/lib.a(signalpipe.o)
 .text.udhcp_sp_setup
                0x0000000000419d44       0x54 networking/udhcp/lib.a(signalpipe.o)
                0x0000000000419d44                udhcp_sp_setup
 .text.udhcp_sp_fd_set
                0x0000000000419d98       0xb0 networking/udhcp/lib.a(signalpipe.o)
                0x0000000000419d98                udhcp_sp_fd_set
 .text.udhcp_sp_read
                0x0000000000419e48       0x60 networking/udhcp/lib.a(signalpipe.o)
                0x0000000000419e48                udhcp_sp_read
 .text.udhcp_read_interface
                0x0000000000419ea8      0x12c networking/udhcp/lib.a(socket.o)
                0x0000000000419ea8                udhcp_read_interface
 .text.udhcp_listen_socket
                0x0000000000419fd4       0xb0 networking/udhcp/lib.a(socket.o)
                0x0000000000419fd4                udhcp_listen_socket
 .text.allocate_tempopt_if_needed.isra.0
                0x000000000041a084       0x90 networking/udhcp/lib.a(common.o)
 .text.udhcp_option_idx
                0x000000000041a114       0x8c networking/udhcp/lib.a(common.o)
                0x000000000041a114                udhcp_option_idx
 .text.udhcp_get_option
                0x000000000041a1a0       0xe0 networking/udhcp/lib.a(common.o)
                0x000000000041a1a0                udhcp_get_option
 .text.udhcp_end_option
                0x000000000041a280       0x3c networking/udhcp/lib.a(common.o)
                0x000000000041a280                udhcp_end_option
 .text.udhcp_add_binary_option
                0x000000000041a2bc       0xa0 networking/udhcp/lib.a(common.o)
                0x000000000041a2bc                udhcp_add_binary_option
 .text.udhcp_add_simple_option
                0x000000000041a35c       0x98 networking/udhcp/lib.a(common.o)
                0x000000000041a35c                udhcp_add_simple_option
 .text.udhcp_find_option
                0x000000000041a3f4       0x3c networking/udhcp/lib.a(common.o)
                0x000000000041a3f4                udhcp_find_option
 .text.attach_option
                0x000000000041a430      0x1e0 networking/udhcp/lib.a(common.o)
 .text.udhcp_str2nip
                0x000000000041a610       0x48 networking/udhcp/lib.a(common.o)
                0x000000000041a610                udhcp_str2nip
 .text.udhcp_str2optset
                0x000000000041a658      0x248 networking/udhcp/lib.a(common.o)
                0x000000000041a658                udhcp_str2optset
 .text.scale    0x000000000041a8a0       0x30 procps/lib.a(free.o)
 .text.free_main
                0x000000000041a8d0      0x1f8 procps/lib.a(free.o)
                0x000000000041a8d0                free_main
 .text.kill_main
                0x000000000041aac8      0x3c4 procps/lib.a(kill.o)
                0x000000000041aac8                kill_main
 .text.act.constprop.0
                0x000000000041ae8c       0x54 procps/lib.a(pgrep.o)
 .text.pgrep_main
                0x000000000041aee0      0x2a0 procps/lib.a(pgrep.o)
                0x000000000041aee0                pgrep_main
 .text.pidof_main
                0x000000000041b180       0xd0 procps/lib.a(pidof.o)
                0x000000000041b180                pidof_main
 .text.ps_main  0x000000000041b250      0x170 procps/lib.a(ps.o)
                0x000000000041b250                ps_main
 .text.sysctl_dots_to_slashes
                0x000000000041b3c0       0xb0 procps/lib.a(sysctl.o)
 .text.sysctl_act_recursive
                0x000000000041b470      0x360 procps/lib.a(sysctl.o)
 .text.sysctl_main
                0x000000000041b7d0      0x164 procps/lib.a(sysctl.o)
                0x000000000041b7d0                sysctl_main
 .text.mem_sort
                0x000000000041b934       0x24 procps/lib.a(top.o)
 .text.pcpu_sort
                0x000000000041b958       0x10 procps/lib.a(top.o)
 .text.time_sort
                0x000000000041b968       0x24 procps/lib.a(top.o)
 .text.mult_lvl_cmp
                0x000000000041b98c       0x98 procps/lib.a(top.o)
 .text.display_process_list
                0x000000000041ba24      0x64c procps/lib.a(top.o)
 .text.clearmems
                0x000000000041c070       0x4c procps/lib.a(top.o)
 .text.read_cpu_jiffy.constprop.0
                0x000000000041c0bc      0x200 procps/lib.a(top.o)
 .text.do_stats
                0x000000000041c2bc      0x184 procps/lib.a(top.o)
 .text.top_main
                0x000000000041c440      0x2d4 procps/lib.a(top.o)
                0x000000000041c440                top_main
 .text.uptime_main
                0x000000000041c714      0x14c procps/lib.a(uptime.o)
                0x000000000041c714                uptime_main
 .text.isdigit_str9
                0x000000000041c860       0x3c shell/lib.a(ash.o)
 .text.var_end  0x000000000041c89c       0x28 shell/lib.a(ash.o)
 .text.stunalloc
                0x000000000041c8c4       0x24 shell/lib.a(ash.o)
 .text.setstackmark
                0x000000000041c8e8       0x30 shell/lib.a(ash.o)
 .text.prefix   0x000000000041c918       0x38 shell/lib.a(ash.o)
 .text.is_number
                0x000000000041c950       0x38 shell/lib.a(ash.o)
 .text.varcmp   0x000000000041c988       0x4c shell/lib.a(ash.o)
 .text.hashvar  0x000000000041c9d4       0x54 shell/lib.a(ash.o)
 .text.vpcmp    0x000000000041ca28        0xc shell/lib.a(ash.o)
 .text.findvar  0x000000000041ca34       0x5c shell/lib.a(ash.o)
 .text.lookupvar
                0x000000000041ca90       0x58 shell/lib.a(ash.o)
 .text.bltinlookup
                0x000000000041cae8       0x78 shell/lib.a(ash.o)
 .text.set_curjob
                0x000000000041cb60       0x78 shell/lib.a(ash.o)
 .text.jobno    0x000000000041cbd8       0x24 shell/lib.a(ash.o)
 .text.getstatus
                0x000000000041cbfc       0xa0 shell/lib.a(ash.o)
 .text.need_to_remember
                0x000000000041cc9c       0x44 shell/lib.a(ash.o)
 .text.is_hidden_fd
                0x000000000041cce0       0x90 shell/lib.a(ash.o)
 .text.esclen   0x000000000041cd70       0x30 shell/lib.a(ash.o)
 .text.falsecmd
                0x000000000041cda0        0x8 shell/lib.a(ash.o)
 .text.truecmd  0x000000000041cda8        0x8 shell/lib.a(ash.o)
 .text.bltincmd
                0x000000000041cdb0        0xc shell/lib.a(ash.o)
 .text.pungetc  0x000000000041cdbc       0x24 shell/lib.a(ash.o)
 .text.raise_exception
                0x000000000041cde0       0x2c shell/lib.a(ash.o)
 .text.calcsize
                0x000000000041ce0c      0x124 shell/lib.a(ash.o)
 .text.sizenodelist
                0x000000000041cf30       0x4c shell/lib.a(ash.o)
 .text.pushfile
                0x000000000041cf7c       0x34 shell/lib.a(ash.o)
 .text.goodname
                0x000000000041cfb0       0x24 shell/lib.a(ash.o)
 .text.isassignment
                0x000000000041cfd4       0x3c shell/lib.a(ash.o)
 .text.freealias
                0x000000000041d010       0x64 shell/lib.a(ash.o)
 .text.freefunc
                0x000000000041d074       0x28 shell/lib.a(ash.o)
 .text.freeparam
                0x000000000041d09c       0x64 shell/lib.a(ash.o)
 .text.setparam
                0x000000000041d100       0xb8 shell/lib.a(ash.o)
 .text.scanright
                0x000000000041d1b8      0x160 shell/lib.a(ash.o)
 .text.scanleft
                0x000000000041d318       0xb8 shell/lib.a(ash.o)
 .text.__lookupalias
                0x000000000041d3d0       0x94 shell/lib.a(ash.o)
 .text.lookupalias
                0x000000000041d464       0x40 shell/lib.a(ash.o)
 .text.msort    0x000000000041d4a4       0xec shell/lib.a(ash.o)
 .text.pstrcmp  0x000000000041d590        0xc shell/lib.a(ash.o)
 .text.ignoresig
                0x000000000041d59c       0x54 shell/lib.a(ash.o)
 .text.setsignal
                0x000000000041d5f0      0x1d8 shell/lib.a(ash.o)
 .text.nodeckstrdup
                0x000000000041d7c8       0x5c shell/lib.a(ash.o)
 .text.copynode
                0x000000000041d824      0x12c shell/lib.a(ash.o)
 .text.copynodelist
                0x000000000041d950       0x74 shell/lib.a(ash.o)
 .text.cmdlookup
                0x000000000041d9c4       0xf0 shell/lib.a(ash.o)
 .text.noclobberopen
                0x000000000041dab4       0xf0 shell/lib.a(ash.o)
 .text.errmsg   0x000000000041dba4       0x2c shell/lib.a(ash.o)
 .text.tokname  0x000000000041dbd0       0x5c shell/lib.a(ash.o)
 .text.findkwd  0x000000000041dc2c       0x34 shell/lib.a(ash.o)
 .text.find_builtin
                0x000000000041dc60       0x34 shell/lib.a(ash.o)
 .text.ulimitcmd
                0x000000000041dc94        0x8 shell/lib.a(ash.o)
 .text.printfcmd
                0x000000000041dc9c        0x8 shell/lib.a(ash.o)
 .text.tryexec  0x000000000041dca4      0x110 shell/lib.a(ash.o)
 .text.echocmd  0x000000000041ddb4        0x8 shell/lib.a(ash.o)
 .text.testcmd  0x000000000041ddbc        0x8 shell/lib.a(ash.o)
 .text.raise_interrupt
                0x000000000041ddc4       0x74 shell/lib.a(ash.o)
 .text.int_on   0x000000000041de38       0x44 shell/lib.a(ash.o)
 .text.recordregion
                0x000000000041de7c       0xa0 shell/lib.a(ash.o)
 .text.fmtstr   0x000000000041df1c       0x50 shell/lib.a(ash.o)
 .text.sprint_status
                0x000000000041df6c      0x108 shell/lib.a(ash.o)
 .text.removerecordregions
                0x000000000041e074      0x15c shell/lib.a(ash.o)
 .text.freejob  0x000000000041e1d0       0xc0 shell/lib.a(ash.o)
 .text.makejob  0x000000000041e290      0x1d4 shell/lib.a(ash.o)
 .text.unalias  0x000000000041e464       0x5c shell/lib.a(ash.o)
 .text.popstring
                0x000000000041e4c0       0xf4 shell/lib.a(ash.o)
 .text.popfile  0x000000000041e5b4       0x84 shell/lib.a(ash.o)
 .text.popallfiles
                0x000000000041e638       0x44 shell/lib.a(ash.o)
 .text.outstr   0x000000000041e67c       0x2c shell/lib.a(ash.o)
 .text.out1str  0x000000000041e6a8        0xc shell/lib.a(ash.o)
 .text.flush_stdout_stderr
                0x000000000041e6b4       0x2c shell/lib.a(ash.o)
 .text.out2str  0x000000000041e6e0       0x24 shell/lib.a(ash.o)
 .text.stoppedjobs
                0x000000000041e704       0x68 shell/lib.a(ash.o)
 .text.preadbuffer
                0x000000000041e76c      0x270 shell/lib.a(ash.o)
 .text.pgetc    0x000000000041e9dc       0x34 shell/lib.a(ash.o)
 .text.pgetc_without_PEOA
                0x000000000041ea10       0x64 shell/lib.a(ash.o)
 .text.dowait   0x000000000041ea74      0x1b4 shell/lib.a(ash.o)
 .text.blocking_wait_with_raise_on_sig
                0x000000000041ec28       0x44 shell/lib.a(ash.o)
 .text.popstackmark
                0x000000000041ec6c       0xa8 shell/lib.a(ash.o)
 .text.setinputstring
                0x000000000041ed14       0x64 shell/lib.a(ash.o)
 .text.pushstring
                0x000000000041ed78       0xb8 shell/lib.a(ash.o)
 .text.delete_cmd_entry
                0x000000000041ee30       0x64 shell/lib.a(ash.o)
 .text.out1fmt  0x000000000041ee94       0x54 shell/lib.a(ash.o)
 .text.timescmd
                0x000000000041eee8       0xcc shell/lib.a(ash.o)
 .text.helpcmd  0x000000000041efb4       0xc8 shell/lib.a(ash.o)
 .text.clearcmdentry
                0x000000000041f07c       0xcc shell/lib.a(ash.o)
 .text.changepath
                0x000000000041f148      0x144 shell/lib.a(ash.o)
 .text.signal_handler
                0x000000000041f28c       0x6c shell/lib.a(ash.o)
 .text.force_int_on
                0x000000000041f2f8       0x34 shell/lib.a(ash.o)
 .text.evalbltin
                0x000000000041f32c      0x108 shell/lib.a(ash.o)
 .text.outcslow.constprop.1
                0x000000000041f434       0x6c shell/lib.a(ash.o)
 .text.showjob  0x000000000041f4a0      0x238 shell/lib.a(ash.o)
 .text.showjobs
                0x000000000041f6d8       0x8c shell/lib.a(ash.o)
 .text.ash_vmsg
                0x000000000041f764       0xe4 shell/lib.a(ash.o)
 .text.ash_vmsg_and_raise
                0x000000000041f848       0x2c shell/lib.a(ash.o)
 .text.ash_msg_and_raise_error
                0x000000000041f874       0x28 shell/lib.a(ash.o)
 .text.varunset
                0x000000000041f89c       0x78 shell/lib.a(ash.o)
 .text.setvareq
                0x000000000041f914      0x154 shell/lib.a(ash.o)
 .text.listsetvar
                0x000000000041fa68       0x6c shell/lib.a(ash.o)
 .text.setvar   0x000000000041fad4      0x10c shell/lib.a(ash.o)
 .text.setvar2  0x000000000041fbe0        0x8 shell/lib.a(ash.o)
 .text.unsetvar
                0x000000000041fbe8       0xe8 shell/lib.a(ash.o)
 .text.setpwd   0x000000000041fcd0      0x114 shell/lib.a(ash.o)
 .text.localcmd
                0x000000000041fde4      0x184 shell/lib.a(ash.o)
 .text.setvarsafe
                0x000000000041ff68       0xb0 shell/lib.a(ash.o)
 .text.number   0x0000000000420018       0x3c shell/lib.a(ash.o)
 .text.returncmd
                0x0000000000420054       0x38 shell/lib.a(ash.o)
 .text.exitcmd  0x000000000042008c       0x50 shell/lib.a(ash.o)
 .text.getoptsreset
                0x00000000004200dc       0x34 shell/lib.a(ash.o)
 .text.shiftcmd
                0x0000000000420110       0xd4 shell/lib.a(ash.o)
 .text.xtcsetpgrp
                0x00000000004201e4       0x2c shell/lib.a(ash.o)
 .text.waitforjob
                0x0000000000420210       0xc8 shell/lib.a(ash.o)
 .text.forkchild
                0x00000000004202d8      0x310 shell/lib.a(ash.o)
 .text.copyfd   0x00000000004205e8       0x70 shell/lib.a(ash.o)
 .text.popredir
                0x0000000000420658      0x168 shell/lib.a(ash.o)
 .text.clearredir
                0x00000000004207c0       0x50 shell/lib.a(ash.o)
 .text.ash_arith
                0x0000000000420810       0x84 shell/lib.a(ash.o)
 .text.stalloc  0x0000000000420894       0xd4 shell/lib.a(ash.o)
 .text.ststrdup
                0x0000000000420968       0x44 shell/lib.a(ash.o)
 .text.stzalloc
                0x00000000004209ac       0x30 shell/lib.a(ash.o)
 .text.addfname
                0x00000000004209dc       0x54 shell/lib.a(ash.o)
 .text.expmeta  0x0000000000420a30      0x310 shell/lib.a(ash.o)
 .text.makename
                0x0000000000420d40       0x3c shell/lib.a(ash.o)
 .text.growstackblock
                0x0000000000420d7c      0x13c shell/lib.a(ash.o)
 .text.makestrspace
                0x0000000000420eb8       0x68 shell/lib.a(ash.o)
 .text.memtodest
                0x0000000000420f20       0xdc shell/lib.a(ash.o)
 .text.stack_nputstr
                0x0000000000420ffc       0x4c shell/lib.a(ash.o)
 .text.stack_putstr
                0x0000000000421048       0x3c shell/lib.a(ash.o)
 .text.cvtnum   0x0000000000421084       0x70 shell/lib.a(ash.o)
 .text.cmdputs  0x00000000004210f4      0x2dc shell/lib.a(ash.o)
 .text.cmdtxt   0x00000000004213d0      0x398 shell/lib.a(ash.o)
 .text.cmdlist  0x0000000000421768       0x7c shell/lib.a(ash.o)
 .text.single_quote
                0x00000000004217e4      0x110 shell/lib.a(ash.o)
 .text.printalias
                0x00000000004218f4       0x38 shell/lib.a(ash.o)
 .text.aliascmd
                0x000000000042192c      0x1b8 shell/lib.a(ash.o)
 .text.rmescapes
                0x0000000000421ae4      0x1c8 shell/lib.a(ash.o)
 .text.preglob  0x0000000000421cac       0x14 shell/lib.a(ash.o)
 .text.growstackstr
                0x0000000000421cc0       0x68 shell/lib.a(ash.o)
 .text._STPUTC  0x0000000000421d28       0x44 shell/lib.a(ash.o)
 .text.varvalue
                0x0000000000421d6c      0x3ec shell/lib.a(ash.o)
 .text.listvars
                0x0000000000422158       0xf8 shell/lib.a(ash.o)
 .text.showvars
                0x0000000000422250      0x10c shell/lib.a(ash.o)
 .text.path_advance
                0x000000000042235c      0x180 shell/lib.a(ash.o)
 .text.forkshell
                0x00000000004224dc      0x18c shell/lib.a(ash.o)
 .text.raise_error_syntax
                0x0000000000422668       0x18 shell/lib.a(ash.o)
 .text.fixredir
                0x0000000000422680       0xac shell/lib.a(ash.o)
 .text.raise_error_unexpected_syntax
                0x000000000042272c       0x6c shell/lib.a(ash.o)
 .text.nextopt  0x0000000000422798      0x10c shell/lib.a(ash.o)
 .text.cdopt    0x00000000004228a4       0x60 shell/lib.a(ash.o)
 .text.pwdcmd   0x0000000000422904       0x6c shell/lib.a(ash.o)
 .text.unsetcmd
                0x0000000000422970       0xe0 shell/lib.a(ash.o)
 .text.unaliascmd
                0x0000000000422a50      0x138 shell/lib.a(ash.o)
 .text.exportcmd
                0x0000000000422b88      0x150 shell/lib.a(ash.o)
 .text.getjob   0x0000000000422cd8      0x1d0 shell/lib.a(ash.o)
 .text.waitcmd  0x0000000000422ea8      0x184 shell/lib.a(ash.o)
 .text.killcmd  0x000000000042302c      0x168 shell/lib.a(ash.o)
 .text.jobscmd  0x0000000000423194       0xbc shell/lib.a(ash.o)
 .text.fg_bgcmd
                0x0000000000423250      0x1c4 shell/lib.a(ash.o)
 .text.readcmd  0x0000000000423414      0x128 shell/lib.a(ash.o)
 .text.letcmd   0x000000000042353c       0x50 shell/lib.a(ash.o)
 .text.breakcmd
                0x000000000042358c       0xa8 shell/lib.a(ash.o)
 .text.umaskcmd
                0x0000000000423634      0x1fc shell/lib.a(ash.o)
 .text.setinputfile
                0x0000000000423830      0x104 shell/lib.a(ash.o)
 .text.cdcmd    0x0000000000423934      0x438 shell/lib.a(ash.o)
 .text.getoptscmd
                0x0000000000423d6c      0x360 shell/lib.a(ash.o)
 .text.ash_msg_and_raise
                0x00000000004240cc       0x1c shell/lib.a(ash.o)
 .text.shellexec
                0x00000000004240e8      0x140 shell/lib.a(ash.o)
 .text.ash_msg  0x0000000000424228       0x2c shell/lib.a(ash.o)
 .text.setjobctl
                0x0000000000424254      0x1d4 shell/lib.a(ash.o)
 .text.optschanged
                0x0000000000424428       0xa4 shell/lib.a(ash.o)
 .text.execcmd  0x00000000004244cc       0x5c shell/lib.a(ash.o)
 .text.options  0x0000000000424528      0x31c shell/lib.a(ash.o)
 .text.setcmd   0x0000000000424844       0x98 shell/lib.a(ash.o)
 .text.trapcmd  0x00000000004248dc      0x1c4 shell/lib.a(ash.o)
 .text.expandarg
                0x0000000000424aa0      0x4bc shell/lib.a(ash.o)
 .text.expredir
                0x0000000000424f5c       0xf8 shell/lib.a(ash.o)
 .text.redirect
                0x0000000000425054      0x540 shell/lib.a(ash.o)
 .text.redirectsafe
                0x0000000000425594       0xc8 shell/lib.a(ash.o)
 .text.evalsubshell
                0x000000000042565c       0xe8 shell/lib.a(ash.o)
 .text.expandstr
                0x0000000000425744       0x88 shell/lib.a(ash.o)
 .text.setprompt_if
                0x00000000004257cc       0xb8 shell/lib.a(ash.o)
 .text.parseheredoc
                0x0000000000425884       0xc8 shell/lib.a(ash.o)
 .text.list     0x000000000042594c      0x224 shell/lib.a(ash.o)
 .text.readtoken1
                0x0000000000425b70     0x11a0 shell/lib.a(ash.o)
 .text.xxreadtoken
                0x0000000000426d10      0x28c shell/lib.a(ash.o)
 .text.readtoken
                0x0000000000426f9c      0x130 shell/lib.a(ash.o)
 .text.parsefname
                0x00000000004270cc      0x1a4 shell/lib.a(ash.o)
 .text.peektoken
                0x0000000000427270       0x40 shell/lib.a(ash.o)
 .text.parsecmd
                0x00000000004272b0       0x74 shell/lib.a(ash.o)
 .text.evalstring
                0x0000000000427324       0xa4 shell/lib.a(ash.o)
 .text.evaltree
                0x00000000004273c8      0x450 shell/lib.a(ash.o)
 .text.argstr   0x0000000000427818      0x67c shell/lib.a(ash.o)
 .text.subevalvar
                0x0000000000427e94      0x638 shell/lib.a(ash.o)
 .text.evalvar  0x00000000004284cc      0x344 shell/lib.a(ash.o)
 .text.evalloop
                0x0000000000428810      0x138 shell/lib.a(ash.o)
 .text.evalfun  0x0000000000428948      0x264 shell/lib.a(ash.o)
 .text.evalcmd  0x0000000000428bac       0xa8 shell/lib.a(ash.o)
 .text.exitshell
                0x0000000000428c54       0x8c shell/lib.a(ash.o)
 .text.cmdloop  0x0000000000428ce0      0x140 shell/lib.a(ash.o)
 .text.find_command
                0x0000000000428e20      0x44c shell/lib.a(ash.o)
 .text.describe_command
                0x000000000042926c      0x234 shell/lib.a(ash.o)
 .text.typecmd  0x00000000004294a0       0x94 shell/lib.a(ash.o)
 .text.commandcmd
                0x0000000000429534       0x9c shell/lib.a(ash.o)
 .text.hashcmd  0x00000000004295d0      0x1dc shell/lib.a(ash.o)
 .text.evalpipe
                0x00000000004297ac      0x1f0 shell/lib.a(ash.o)
 .text.dotcmd   0x000000000042999c      0x190 shell/lib.a(ash.o)
 .text.read_profile
                0x0000000000429b2c       0x48 shell/lib.a(ash.o)
 .text.parse_command
                0x0000000000429b74      0x748 shell/lib.a(ash.o)
 .text.pipeline
                0x000000000042a2bc      0x11c shell/lib.a(ash.o)
 .text.evalcase
                0x000000000042a3d8      0x188 shell/lib.a(ash.o)
 .text.evalfor  0x000000000042a560      0x15c shell/lib.a(ash.o)
 .text.evalcommand
                0x000000000042a6bc      0x5c0 shell/lib.a(ash.o)
 .text.ash_main
                0x000000000042ac7c      0x5cc shell/lib.a(ash.o)
                0x000000000042ac7c                ash_main
 .text.endofname
                0x000000000042b248       0x70 shell/lib.a(math.o)
                0x000000000042b248                endofname
 .text.evaluate_string
                0x000000000042b2b8      0x3b0 shell/lib.a(math.o)
 .text.arith_lookup_val
                0x000000000042b668       0xdc shell/lib.a(math.o)
 .text.arith_apply
                0x000000000042b744      0x5ac shell/lib.a(math.o)
 .text.arith    0x000000000042bcf0        0xc shell/lib.a(math.o)
                0x000000000042bcf0                arith
 .text.printlim.isra.0
                0x000000000042bcfc       0x74 shell/lib.a(shell_common.o)
 .text.is_well_formed_var_name
                0x000000000042bd70       0x6c shell/lib.a(shell_common.o)
                0x000000000042bd70                is_well_formed_var_name
 .text.shell_builtin_read
                0x000000000042bddc      0x534 shell/lib.a(shell_common.o)
                0x000000000042bddc                shell_builtin_read
 .text.shell_builtin_ulimit
                0x000000000042c310      0x27c shell/lib.a(shell_common.o)
                0x000000000042c310                shell_builtin_ulimit
 .text.decode   0x000000000042c58c       0x7c sysklogd/lib.a(syslogd_and_logger.o)
 .text.logger_main
                0x000000000042c608      0x22c sysklogd/lib.a(syslogd_and_logger.o)
                0x000000000042c608                logger_main
 .text.dmesg_main
                0x000000000042c834      0x1b4 util-linux/lib.a(dmesg.o)
                0x000000000042c834                dmesg_main
 .text.hexdump_main
                0x000000000042c9e8      0x244 util-linux/lib.a(hexdump.o)
                0x000000000042c9e8                hexdump_main
 .text.read_rtc
                0x000000000042cc2c       0x40 util-linux/lib.a(hwclock.o)
 .text.hwclock_main
                0x000000000042cc6c      0x208 util-linux/lib.a(hwclock.o)
                0x000000000042cc6c                hwclock_main
 .text.mkswap_main
                0x000000000042ce74      0x174 util-linux/lib.a(mkswap.o)
                0x000000000042ce74                mkswap_main
 .text.parse_mount_options
                0x000000000042cfe8      0x15c util-linux/lib.a(mount.o)
 .text.append_mount_options
                0x000000000042d144      0x148 util-linux/lib.a(mount.o)
 .text.mount_it_now
                0x000000000042d28c      0x194 util-linux/lib.a(mount.o)
 .text.singlemount
                0x000000000042d420      0x474 util-linux/lib.a(mount.o)
 .text.mount_main
                0x000000000042d894      0x548 util-linux/lib.a(mount.o)
                0x000000000042d894                mount_main
 .text.pivot_root_main
                0x000000000042dddc       0x40 util-linux/lib.a(pivot_root.o)
                0x000000000042dddc                pivot_root_main
 .text.swap_enable_disable
                0x000000000042de1c       0x70 util-linux/lib.a(swaponoff.o)
 .text.swap_on_off_main
                0x000000000042de8c      0x134 util-linux/lib.a(swaponoff.o)
                0x000000000042de8c                swap_on_off_main
 .text.delete_contents
                0x000000000042dfc0      0x124 util-linux/lib.a(switch_root.o)
 .text.switch_root_main
                0x000000000042e0e4      0x1c8 util-linux/lib.a(switch_root.o)
                0x000000000042e0e4                switch_root_main
 .text.umount_main
                0x000000000042e2ac      0x348 util-linux/lib.a(umount.o)
                0x000000000042e2ac                umount_main
 .text.make_new_name_generic
                0x000000000042e5f4       0x68 archival/lib.a(bbunzip.o)
 .text.unpack_bunzip2
                0x000000000042e65c        0xc archival/lib.a(bbunzip.o)
 .text.make_new_name_gunzip
                0x000000000042e668       0xac archival/lib.a(bbunzip.o)
 .text.unpack_gunzip
                0x000000000042e714       0x84 archival/lib.a(bbunzip.o)
 .text.open_to_or_warn
                0x000000000042e798       0x48 archival/lib.a(bbunzip.o)
 .text.append_ext
                0x000000000042e7e0       0x18 archival/lib.a(bbunzip.o)
                0x000000000042e7e0                append_ext
 .text.bbunpack
                0x000000000042e7f8      0x2a4 archival/lib.a(bbunzip.o)
                0x000000000042e7f8                bbunpack
 .text.gunzip_main
                0x000000000042ea9c       0x78 archival/lib.a(bbunzip.o)
                0x000000000042ea9c                gunzip_main
 .text.bunzip2_main
                0x000000000042eb14       0x7c archival/lib.a(bbunzip.o)
                0x000000000042eb14                bunzip2_main
 .text.bi_reverse
                0x000000000042eb90       0x28 archival/lib.a(gzip.o)
 .text.init_block
                0x000000000042ebb8       0x78 archival/lib.a(gzip.o)
 .text.pqdownheap
                0x000000000042ec30      0x104 archival/lib.a(gzip.o)
 .text.gen_codes
                0x000000000042ed34       0xb0 archival/lib.a(gzip.o)
 .text.build_tree
                0x000000000042ede4      0x49c archival/lib.a(gzip.o)
 .text.scan_tree
                0x000000000042f280      0x12c archival/lib.a(gzip.o)
 .text.ct_tally
                0x000000000042f3ac      0x1a0 archival/lib.a(gzip.o)
 .text.file_read
                0x000000000042f54c       0x84 archival/lib.a(gzip.o)
 .text.fill_window
                0x000000000042f5d0      0x150 archival/lib.a(gzip.o)
 .text.flush_outbuf
                0x000000000042f720       0x40 archival/lib.a(gzip.o)
 .text.put_16bit
                0x000000000042f760       0xbc archival/lib.a(gzip.o)
 .text.send_bits
                0x000000000042f81c       0x9c archival/lib.a(gzip.o)
 .text.send_tree
                0x000000000042f8b8      0x1d0 archival/lib.a(gzip.o)
 .text.compress_block
                0x000000000042fa88      0x1b0 archival/lib.a(gzip.o)
 .text.put_32bit
                0x000000000042fc38       0x2c archival/lib.a(gzip.o)
 .text.bi_windup
                0x000000000042fc64       0x80 archival/lib.a(gzip.o)
 .text.flush_block
                0x000000000042fce4      0x2cc archival/lib.a(gzip.o)
 .text.pack_gzip
                0x000000000042ffb0      0x8bc archival/lib.a(gzip.o)
 .text.gzip_main
                0x000000000043086c      0x100 archival/lib.a(gzip.o)
                0x000000000043086c                gzip_main
 .text.gnu_dev_major
                0x000000000043096c       0x14 archival/lib.a(tar.o)
 .text.gnu_dev_minor
                0x0000000000430980       0x20 archival/lib.a(tar.o)
 .text.append_file_list_to_list
                0x00000000004309a0       0x94 archival/lib.a(tar.o)
 .text.vfork_compressor
                0x0000000000430a34      0x11c archival/lib.a(tar.o)
 .text.writeTarFile
                0x0000000000430b50      0x160 archival/lib.a(tar.o)
 .text.putOctal
                0x0000000000430cb0       0x70 archival/lib.a(tar.o)
 .text.chksum_and_xwrite
                0x0000000000430d20       0x94 archival/lib.a(tar.o)
 .text.writeLongname
                0x0000000000430db4      0x104 archival/lib.a(tar.o)
 .text.writeTarHeader
                0x0000000000430eb8      0x3a4 archival/lib.a(tar.o)
 .text.writeFileToTarball
                0x000000000043125c      0x308 archival/lib.a(tar.o)
 .text.tar_main
                0x0000000000431564      0x308 archival/lib.a(tar.o)
                0x0000000000431564                tar_main
 .text.data_extract_all
                0x000000000043186c      0x420 archival/libarchive/lib.a(data_extract_all.o)
                0x000000000043186c                data_extract_all
 .text.data_extract_to_stdout
                0x0000000000431c8c       0x18 archival/libarchive/lib.a(data_extract_to_stdout.o)
                0x0000000000431c8c                data_extract_to_stdout
 .text.data_skip
                0x0000000000431ca4       0x18 archival/libarchive/lib.a(data_skip.o)
                0x0000000000431ca4                data_skip
 .text.get_bits