00000172 A num_got_entries
81e00000 T _start
81e00400 t reset
81e00480 T relocate_code
81e00500 t in_ram
81e00570 t romReserved
81e00574 t romExcHandle
81e00580 T mips_init_icache
81e005d4 T mips_init_dcache
81e00628 T mips_cache_reset
81e006c0 T dcache_status
81e006e0 T dcache_disable
81e006f8 T dcache_enable
81e00718 T do_reset
81e00764 T flush_cache
81e00790 T flush_dcache_range
81e007b4 T invalidate_dcache_range
81e007d8 T write_one_tlb
81e007fc T cpu_eth_init
81e00810 t display_banner
81e0084c t init_baudrate
81e008c8 t init_func_ram
81e00954 T __board_early_init_f
81e00954 W board_early_init_f
81e0095c T board_init_r
81e00ba8 T hang
81e00bd8 T board_init_f
81e00d00 T timer_init
81e00d30 T reset_timer
81e00d5c T get_timer
81e00db4 T set_timer
81e00de0 T __udelay
81e00e14 T get_ticks
81e00e4c T get_tbclk
81e00e60 T eth_parse_enetaddr
81e00efc T eth_getenv_enetaddr
81e00f88 T eth_setenv_enetaddr
81e00fe4 T eth_getenv_enetaddr_by_index
81e01050 t __def_eth_init
81e01058 T eth_get_dev
81e01070 T eth_get_dev_by_name
81e010f4 T eth_get_dev_by_index
81e01138 T eth_get_dev_index
81e01184 T eth_register
81e01250 T eth_initialize
81e01538 T eth_halt
81e0158c T eth_send
81e015c0 T eth_rx
81e015f0 T eth_try_another
81e016ec T eth_init
81e01800 T eth_set_current
81e01900 T eth_get_name
81e01930 t startAgainTimeout
81e0194c t startAgainHandler
81e01954 t NetCopyIP
81e0196c t NetReadIP
81e019a8 t PingHandler
81e019fc t PingTimeout
81e01a3c T NetSetHandler
81e01a54 T NetSetTimeout
81e01ab8 T NetStartAgain
81e01c50 T NetSendPacket
81e01c68 T NetCksum
81e01ca0 T NetCksumOk
81e01cdc T NetEthHdrSize
81e01d18 T NetSetEther
81e01dc4 T NetReceive
81e02428 T ArpRequest
81e0258c T ArpTimeoutCheck
81e0263c T PingSend
81e027f8 T NetSetIP
81e02904 T NetSendUDPPacket
81e02adc T copy_filename
81e02b2c T random_port
81e02b64 T ip_to_string
81e02bc0 T VLAN_to_string
81e02c08 T string_to_VLAN
81e02c60 T getenv_VLAN
81e02c9c T NetLoop
81e032c0 t basename
81e03324 t rpc_add_credentials
81e033fc t rpc_lookup_reply
81e034a4 t nfs_mount_reply
81e03540 t nfs_umountall_reply
81e035d0 t nfs_lookup_reply
81e03660 t rpc_req
81e03774 t rpc_lookup_req
81e037dc t nfs_mount_req
81e038c0 t nfs_umountall_req
81e03944 t nfs_lookup_req
81e03a4c t nfs_read_req
81e03b04 t nfs_readlink_req
81e03b98 t nfs_readlink_reply
81e03cb0 t NfsSend
81e03d8c t nfs_read_reply.isra.1
81e03ee8 t NfsHandler
81e04200 t NfsTimeout
81e04290 T NfsStart
81e04590 t RarpHandler
81e04618 T RarpRequest
81e04754 t RarpTimeout
81e047c0 t TftpSend
81e049e4 t TftpTimeout
81e04a80 t TftpHandler
81e04e60 T TftpStart
81e05240 t DhcpExtended
81e05338 t NetCopyIP
81e05350 t NetReadLong
81e0538c t DhcpOptionsProcess
81e0566c t NetWriteIP.constprop.3
81e056a4 t DhcpHandler
81e05b44 T BootpRequest
81e05da8 t BootpTimeout
81e05e14 T DhcpRequest
81e05e30 T spi_init
81e05e44 T spi_setup_slave
81e05eb4 T spi_free_slave
81e05ecc T spi_claim_bus
81e05ed4 T spi_release_bus
81e05edc T spi_xfer
81e06020 W do_go_exec
81e06030 T do_go
81e060f0 T do_bootd
81e0613c t do_bootm_rtems
81e061b4 t do_bootm_netbsd
81e06398 t bootm_load_os.isra.8
81e065f8 t bootm_start.isra.7
81e06a6c T __arch_preboot_os
81e06a6c W arch_preboot_os
81e06a74 T do_bootm_subcommand
81e06cb4 T do_bootm
81e070b0 T do_coninfo
81e07210 T do_echo
81e07310 T do_exit
81e07360 T do_help
81e073c0 t evalexp
81e0746c T binary_test
81e076e4 T do_itest
81e077c0 t bin_data_init
81e077e8 t load_serial_ymodem
81e07960 t getcxmodem
81e079ac t bin_data_char
81e079e8 T send_pad
81e07a44 T ktrans
81e07a80 T chk1
81e07aac T s1_sendpacket
81e07b04 T send_ack
81e07b90 T send_nack
81e07c1c T k_data_init
81e07c40 T k_data_save
81e07c80 T k_data_restore
81e07cc0 T k_data_char
81e07d60 T handle_send_packet
81e07fa4 T do_load_serial_bin
81e08660 T do_mem_base
81e086cc T do_mem_mtest
81e0891c T do_mem_loop
81e08a8c T do_mem_md
81e08be0 T do_mem_crc
81e08cf8 T do_mem_cp
81e08e64 T do_mem_cmp
81e0906c T do_mem_mw
81e091a0 t mod_mem.part.4
81e09398 T do_mem_nm
81e093f0 T do_mem_mm
81e09450 t extract_range
81e094d4 T MII_dump_0_to_5
81e09840 T do_mii
81e09e80 T do_sleep
81e09f70 t netboot_common
81e0a37c T do_nfs
81e0a39c T do_dhcp
81e0a3bc T do_rarpb
81e0a3dc T do_tftpb
81e0a3fc T do_bootp
81e0a41c T do_ping
81e0a4f0 T do_saveenv
81e0a540 T get_env_id
81e0a558 T envmatch
81e0a608 T getenv_r
81e0a71c T getenv
81e0a7e4 T _do_setenv
81e0ad34 T do_setenv
81e0ad90 T setenv
81e0adf0 T do_editenv
81e0ae9c t printenv
81e0b010 T do_printenv
81e0b120 t do_spi_flash
81e0b5e0 T source
81e0b770 T do_source
81e0b7f0 T do_spi
81e0ba90 T do_false
81e0ba98 T do_true
81e0baa0 T do_test
81e0c080 T do_version
81e0c0c0 T do_imgextract
81e0c450 T var_complete
81e0c4dc T find_cmd_tbl
81e0c5d0 T find_cmd
81e0c600 T cmd_usage
81e0c6a0 T _do_help
81e0c8c4 T install_auto_complete
81e0c948 T cmd_auto_complete
81e0cf28 T cmd_get_data_size
81e0cfc0 t console_setfile
81e0d090 T serial_printf
81e0d0e8 T fgetc
81e0d120 T ftstc
81e0d158 T fputc
81e0d198 T fputs
81e0d1d4 T fprintf
81e0d234 T getc
81e0d264 T tstc
81e0d294 T putc
81e0d2cc T puts
81e0d300 T printf
81e0d358 T vprintf
81e0d3a4 T ctrlc
81e0d42c T disable_ctrlc
81e0d448 T had_ctrlc
81e0d460 T clear_ctrlc
81e0d478 T dbg
81e0d488 T search_device
81e0d4d4 T console_assign
81e0d558 T console_init_f
81e0d568 T stdio_print_current_devices
81e0d674 T console_init_r
81e0d7b0 T malloc_bin_reloc
81e0d7f4 T sbrk
81e0d844 T mem_malloc_init
81e0d87c T malloc_trim
81e0d994 T free
81e0dbf8 T cfree
81e0dc10 T malloc
81e0e2d8 T calloc
81e0e3ec T memalign
81e0e57c T pvalloc
81e0e5a0 T valloc
81e0e5bc T realloc
81e0eacc T malloc_usable_size
81e0eb20 T mallopt
81e0ebb0 T env_crc_update
81e0ebfc T env_get_char_memory
81e0ec34 T env_get_char
81e0ec74 T env_get_addr
81e0eca4 T set_default_env
81e0ed1c T env_relocate
81e0eda8 T env_complete
81e0ef80 T env_get_char_spec
81e0ef90 T saveenv
81e0f0e8 T env_relocate_spec
81e0f1dc T env_init
81e0f210 t dummy
81e0f218 T get_version
81e0f220 T jumptable_init
81e0f3b0 t b_reset
81e0f3cc t static_get
81e0f3e8 t static_peek
81e0f3f4 t file_peek
81e0f400 t syntax_err
81e0f41c T do_showvar
81e0f5bc t xmalloc
81e0f60c t free_pipe_list
81e0f76c t xrealloc
81e0f7bc t done_command
81e0f878 t b_addchr
81e0f938 t b_addqchr
81e0f9d8 t insert_var_value
81e0fc58 t is_assignment.part.0
81e0fca0 t file_get
81e0ff18 T simple_itoa
81e0ff68 T set_local_var
81e101a4 T unset_local_var
81e102a4 T new_pipe
81e102ec t done_pipe
81e1037c T reserved_word
81e1058c t done_word
81e10794 T mapset
81e107c8 T update_ifs_map
81e10878 T parse_string_outer
81e109e8 t run_list_real
81e113d0 t parse_stream_outer
81e11bbc T parse_file_outer
81e11c1c T u_boot_hush_start
81e11cd0 T image_check_hcrc
81e11d3c T image_check_dcrc
81e11d90 T image_multi_count
81e11dac T image_multi_getimg
81e11e64 T getenv_yesno
81e11eac T getenv_bootm_low
81e11f08 T getenv_bootm_size
81e11f68 T memmove_wd
81e11f80 T genimg_print_size
81e11fd8 T get_table_entry_name
81e1200c T genimg_get_os_name
81e12034 T genimg_get_arch_name
81e1205c T genimg_get_type_name
81e12084 T genimg_get_comp_name
81e120ac T image_print_contents
81e122ec T get_table_entry_id
81e12368 T genimg_get_os_id
81e12390 T genimg_get_arch_id
81e123b8 T genimg_get_type_id
81e123e0 T genimg_get_comp_id
81e12408 T genimg_get_format
81e12420 T genimg_get_image
81e12428 T genimg_has_config
81e12430 T boot_get_ramdisk
81e12740 t delete_char.part.0
81e1289c t cread_add_char
81e129fc T __show_boot_progress
81e129fc W show_boot_progress
81e12a04 T main_loop
81e12b78 T readline_into_buffer
81e137cc T readline
81e137e8 T parse_line
81e138a8 T run_command
81e13d1c T do_run
81e13de0 T miiphy_init
81e13e08 T miiphy_register
81e13f78 T miiphy_set_current_dev
81e14010 T miiphy_get_current_dev
81e14038 T miiphy_read
81e14124 T miiphy_write
81e14214 T miiphy_listdev
81e142e0 T miiphy_info
81e143c0 T miiphy_reset
81e144d0 T miiphy_speed
81e145a8 T miiphy_duplex
81e14680 T miiphy_is_1000base_x
81e14690 T stdio_get_list
81e146a8 T stdio_get_by_name
81e14734 T stdio_clone
81e147c0 T stdio_register
81e1482c T stdio_init
81e14900 T CYGACC_COMM_IF_GETC_TIMEOUT
81e149a0 t xyzModem_flush
81e149ec T CYGACC_COMM_IF_PUTC
81e14a08 t xyzModem_get_hdr
81e14d78 T parse_num
81e14eac T xyzModem_stream_open
81e150a4 T xyzModem_stream_read
81e153d4 T xyzModem_stream_close
81e15444 T xyzModem_stream_terminate
81e155b0 T xyzModem_error
81e15660 T initdram
81e15668 T checkboard
81e156cc T _machine_restart
81e156e8 T board_eth_init
81e15794 T misc_init_r
81e15850 T lowlevel_init
81e15860 T cyg_crc16
81e158c0 T crc32_no_comp
81e15a4c T crc32
81e15a80 T crc32_wd
81e15aa0 T display_options
81e15adc T print_size
81e15be8 T print_buffer
81e15e50 T zfree
81e15e68 T zalloc
81e15e8c T zunzip
81e15fcc T gunzip
81e160b0 T string_to_ip
81e16150 T strcpy
81e16174 T strncpy
81e161a0 T strcat
81e161d0 T strncat
81e16220 T strcmp
81e1624c T strncmp
81e16290 T strchr
81e162c0 T strlen
81e162d8 T strrchr
81e16344 T strnlen
81e1636c T strdup
81e163dc T strspn
81e16420 T strpbrk
81e16458 T strtok
81e16510 T strsep
81e16574 T strswab
81e165c4 T memset
81e16644 T bcopy
81e16670 T memcpy
81e166e8 T memmove
81e16754 T memcmp
81e16788 T memscan
81e167ac T strstr
81e1685c T memchr
81e16890 T udelay
81e16910 t put_dec_trunc
81e16a18 t string
81e16afc t put_dec
81e16c7c t number
81e16f54 T simple_strtoul
81e17020 T simple_strtol
81e1706c T ustrtoul
81e17118 T simple_strtoull
81e17208 T vsprintf
81e179d0 T sprintf
81e17a10 T panic
81e17aa0 T zcfree
81e17ab8 T zcalloc
81e17ad0 T inflate_fast
81e18078 T inflate_table
81e18568 T inflateReset
81e18604 T inflateInit2_
81e1873c T inflateInit_
81e18760 T inflateEnd
81e187f8 T adler32
81e18ac4 T inflate
81e1a240 T __div64_32
81e1a360 t SzFree
81e1a378 t SzAlloc
81e1a390 T lzmaBuffToBuffDecompress
81e1a4c0 t LzmaDec_TryDummy
81e1abe8 t LzmaDec_WriteRem.part.0
81e1ac80 t LzmaDec_DecodeReal2
81e1bb8c T LzmaDec_InitDicAndState
81e1bbc0 T LzmaDec_Init
81e1bbe0 T LzmaDec_DecodeToDic
81e1bfd8 T LzmaDec_DecodeToBuf
81e1c134 T LzmaDec_FreeProbs
81e1c168 t LzmaDec_AllocateProbs2
81e1c208 T LzmaDec_Free
81e1c260 T LzmaProps_Decode
81e1c2f0 T LzmaDec_AllocateProbs
81e1c38c T LzmaDec_Allocate
81e1c494 T LzmaDecode
81e1c5d0 T enable_interrupts
81e1c5d8 T disable_interrupts
81e1c5e0 T ar71xx_sys_frequency
81e1c61c T serial_init
81e1c6b4 T serial_tstc
81e1c6c4 T serial_getc
81e1c704 T serial_putc
81e1c768 T serial_setbrg
81e1c770 T serial_puts
81e1c7c0 t linux_env_set
81e1c8dc T do_bootm_linux
81e1ccb0 T spi_flash_cmd
81e1cd50 T spi_flash_cmd_read
81e1ce00 T spi_flash_cmd_write
81e1ceb0 T spi_flash_read_common
81e1cf34 T spi_flash_probe
81e1d010 T spi_flash_free
81e1d060 t macronix_read_fast
81e1d0cc t macronix_wait_ready
81e1d1d4 t macronix_write
81e1d338 T macronix_erase
81e1d490 T spi_flash_probe_macronix
81e1d5a0 t ag71xx_wr
81e1d5c0 t ag71xx_ring_tx_init
81e1d62c t ag71xx_hw_set_macaddr
81e1d6d0 t ag71xx_dma_reset
81e1d83c t ag71xx_halt
81e1d894 t ag71xx_send
81e1d9ec t ag71xx_recv
81e1daf8 t ag71xx_name2mac
81e1db74 t ag71xx_mdio_write
81e1dc50 t ag71xx_mdio_read
81e1dd44 t ar71xx_set_pll.constprop.1
81e1de04 t ag71xx_ring_alloc.constprop.2
81e1df08 T ag71xx_link_adjust
81e1e234 t ag71xx_hw_start
81e1e4f0 T ag71xx_register
81e1e9c0 t ar71xx_setpin
81e1e9f8 t ar71xx_setpindir
81e1ea30 t smi_start
81e1eb80 t smi_readBits
81e1ec84 t smi_waitAck
81e1ece8 t smi_writeBits
81e1edc4 t smi_stop
81e1ef14 t rtl8366_readRegister
81e1f0ac t rtl8366_writeRegister
81e1f220 t rtl8366_setRegisterBit
81e1f2d4 t rtl8366_getPhyReg
81e1f3d0 t rtl8366_setPhyReg
81e1f498 t rtl8366_miiwrite
81e1f534 t rtl8366_miiread
81e1f5ec T rtl8366_mii_register
81e1f644 T rtl8366s_setGreenFeature
81e1f6c4 T rtl8366s_setPowerSaving
81e1f76c T rtl8366s_setGreenEthernet
81e1f914 T rtl8366s_setCPUPortMask
81e1f974 T rtl8366s_setCPUDisableInsTag
81e1f998 T rtl8366s_setCPUDropUnda
81e1f9bc T rtl8366s_setCPUPort
81e1fac8 T rtl8366s_setLedConfig
81e1fbb0 T rtl8366s_getLedConfig
81e1fc54 T rtl8366s_setLedForceValue
81e1fcfc T rtl8366s_initChip
81e1ff08 T rtl8366s_initialize
81e20050 T __lshrdi3
81e200a0 R version_string
81e201a0 r CSWTCH.29
81e20200 r crc16_tab
81e20400 r crc_table
81e20800 R hex_asc
81e20814 r digits.2484
81e208a4 r lbase.2785
81e208e4 r dbase.2787
81e20924 r lext.2786
81e20964 r dext.2788
81e209a4 r lenfix
81e211a4 r distfix
81e21224 r order.2881
81e21250 r kLiteralNextStates
81e21270 r __FUNCTION__.2942
81e21284 r __FUNCTION__.2880
81e21298 r __FUNCTION__.2890
81e25810 D mips_io_port_base
81e25820 D NetOurNativeVLAN
81e25822 D NetOurVLAN
81e25824 D NetBcastAddr
81e25830 d nfs_offset
81e25840 D TftpRRQTimeoutCountMax
81e25844 D TftpRRQTimeoutMSecs
81e25848 d TftpBlkSizeOption
81e2584c d TftpTimeoutMSecs
81e25850 d TftpTimeoutCountMax
81e25854 d TftpBlkSize
81e25860 D load_addr
81e25870 D dp_last_length
81e25880 d env_id
81e25890 d sbrk_base
81e25894 d trim_threshold
81e25898 d mmap_threshold
81e258a0 D default_environment
81e25960 d hist_cur
81e25964 d erase_seq
81e25968 d tab_seq
81e25980 D _ctype
81e25a80 d agtable
81e25b30 D init_sequence
81e25b58 d boot_os
81e25ba4 D desc_and_len_tbl
81e25bd4 D cmd_bootm_sub
81e25c7c D op_table
81e25ce4 D reg_5_desc_tbl
81e25d74 D reg_4_desc_tbl
81e25e04 D reg_3_desc_tbl
81e25e28 D reg_2_desc_tbl
81e25e34 D reg_1_desc_tbl
81e25ef4 D reg_0_desc_tbl
81e25f6c D reg_0_5_desc_tbl
81e25f9c d av_
81e263a4 D env_name_spec
81e263a8 d reserved_list
81e2642c d uimage_os
81e26474 d uimage_arch
81e26564 d uimage_type
81e265f4 d uimage_comp
81e2663c D stdio_names
81e26648 D z_errmsg
81e26670 d macronix_spi_flash_table
81e266c0 A __got_start
81e266c0 A _gp
81e266c0 D _GLOBAL_OFFSET_TABLE_
81e26c88 A __got_end
81e26c88 A __u_boot_cmd_start
81e26c88 D __u_boot_cmd_reset
81e26ca4 D __u_boot_cmd_go
81e26cc0 D __u_boot_cmd_bootd
81e26cdc D __u_boot_cmd_boot
81e26cf8 D __u_boot_cmd_bootm
81e26d14 D __u_boot_cmd_coninfo
81e26d30 D __u_boot_cmd_echo
81e26d4c D __u_boot_cmd_exit
81e26d68 D __u_boot_cmd_question_mark
81e26d84 D __u_boot_cmd_help
81e26da0 D __u_boot_cmd_itest
81e26dbc D __u_boot_cmd_loady
81e26dd8 D __u_boot_cmd_loadb
81e26df4 D __u_boot_cmd_mtest
81e26e10 D __u_boot_cmd_loop
81e26e2c D __u_boot_cmd_base
81e26e48 D __u_boot_cmd_crc32
81e26e64 D __u_boot_cmd_cmp
81e26e80 D __u_boot_cmd_cp
81e26e9c D __u_boot_cmd_mw
81e26eb8 D __u_boot_cmd_nm
81e26ed4 D __u_boot_cmd_mm
81e26ef0 D __u_boot_cmd_md
81e26f0c D __u_boot_cmd_mii
81e26f28 D __u_boot_cmd_sleep
81e26f44 D __u_boot_cmd_ping
81e26f60 D __u_boot_cmd_nfs
81e26f7c D __u_boot_cmd_dhcp
81e26f98 D __u_boot_cmd_rarpboot
81e26fb4 D __u_boot_cmd_tftpboot
81e26fd0 D __u_boot_cmd_bootp
81e26fec D __u_boot_cmd_run
81e27008 D __u_boot_cmd_setenv
81e27024 D __u_boot_cmd_printenv
81e27040 D __u_boot_cmd_editenv
81e2705c D __u_boot_cmd_saveenv
81e27078 D __u_boot_cmd_sf
81e27094 D __u_boot_cmd_source
81e270b0 D __u_boot_cmd_sspi
81e270cc D __u_boot_cmd_true
81e270e8 D __u_boot_cmd_false
81e27104 D __u_boot_cmd_test
81e27120 D __u_boot_cmd_version
81e2713c D __u_boot_cmd_imxtract
81e27158 D __u_boot_cmd_showvar
81e27174 A __u_boot_cmd_end
81e27174 A uboot_end_data
81e27180 b timestamp
81e27190 b eth_current
81e27194 b eth_devices
81e27198 b first_failed.2533
81e2719c b act.2539
81e271a0 b env_changed_id.2540
81e271b0 B NetTxPacket
81e271b4 B NetRestartWrap
81e271b8 B NetEtherNullAddr
81e271c0 B NetServerEther
81e271c6 B NetBootFileSize
81e271c8 B NetOurRootPath
81e27208 B NetOurHostName
81e27228 B NetOurNISDomain
81e27248 B NetOurDNSIP
81e2724c B NetOurGatewayIP
81e27250 B NetOurSubnetMask
81e27254 b NetRestarted
81e27258 b NetDevExists
81e2725c b NetTryCount
81e27260 b timeHandler
81e27264 b timeStart
81e27268 b timeDelta
81e2726c b env_changed_id.2506
81e27270 b packetHandler
81e27274 b mac.2574
81e2727a b PingSeqNo
81e27280 b NfsDownloadState
81e27284 b NfsServerIP
81e27288 b nfs_path
81e2728c b nfs_path_buff
81e27a8c b default_filename
81e27acc b nfs_filename
81e27ad0 b NfsTimeoutCount
81e27ad4 b NfsState
81e27ad8 b NfsOurPort
81e27adc b nfs_len
81e27ae0 b rpc_id
81e27ae4 b filefh
81e27b04 b fs_mounted
81e27b08 b dirfh
81e27b28 b NfsSrvMountPort
81e27b2c b NfsSrvNfsPort
81e27b30 b TftpServerIP
81e27b34 b default_filename
81e27b44 b tftp_filename
81e27bc4 b TftpServerPort
81e27bc8 b TftpTimeoutCount
81e27bcc b TftpState
81e27bd0 b TftpOurPort
81e27bd4 b TftpBlock
81e27bd8 b TftpBlockWrap
81e27bdc b TftpBlockWrapOffset
81e27be0 b TftpLastBlock
81e27bf0 B NetDHCPServerIP
81e27bf4 B dhcp_leasetime
81e27bf8 B dhcp_state
81e27c00 b images
81e27c8c b relocated.2924
81e27c90 b bin_start_address
81e27c94 b os_data_state
81e27c98 b os_data_addr
81e27c9c b a_b
81e27cb4 b k_data_escape
81e27cb8 b k_data_escape_saved
81e27cbc b os_data_state_saved
81e27cc0 b os_data_addr_saved
81e27cd0 b base_address
81e27ce0 b flash
81e27cf0 b device
81e27cf4 b bitlen
81e27cf8 b dout
81e27d18 b din
81e27d40 b tmp_buf.2440
81e27f40 b tmp_buf
81e28040 b ctrlc_disabled
81e28044 b ctrlc_was_pressed
81e28050 B mem_malloc_brk
81e28054 B mem_malloc_end
81e28058 B mem_malloc_start
81e2805c b top_pad
81e28060 b current_mallinfo
81e28088 b max_sbrked_mem
81e2808c b max_total_mem
81e28090 b n_mmaps_max
81e280a0 b env_flash
81e280b0 b local.2643
81e280c8 b top_vars
81e280cc b map
81e281cc b ifs
81e281d0 b flag_repeat
81e281d4 b buf.2863
81e281fc b do_repeat
81e28200 b the_command.2659
81e28300 B hist_num
81e28304 b initted.2570
81e28308 b hist_max
81e2830c b hist_add_idx
81e28310 b mii_devs
81e28318 b current_mii
81e28320 B stdio_devices
81e2832c b devs
81e28370 b xyz
81e287b0 b linux_argc
81e287b4 b linux_argv
81e287b8 b linux_env
81e287bc b linux_env_p
81e287c0 b linux_env_idx
81e287d0 B monitor_flash_len
81e287d4 B NetArpWaitTry
81e287d8 B NetArpWaitPacketMAC
81e287dc B NetOurEther
81e287e4 B NetOurIP
81e287e8 B NetPingIP
81e287ec B NetServerIP
81e287f0 B NetArpWaitTxPacketSize
81e287f4 B NetArpWaitReplyIP
81e287f8 B NetRxPackets
81e28838 B NetArpWaitTxPacket
81e2883c B NetArpWaitPacketIP
81e28840 B NetState
81e28844 B BootFile
81e288c4 B NetIPID
81e288c8 B NetRxPacket
81e288cc B NetArpWaitPacketBuf
81e28eec B NetBootFileXferSize
81e28ef0 B NetRxPacketLen
81e28ef4 B PktBuf
81e2f514 B NetArpWaitTimerStart
81e2f518 B RarpTry
81e2f51c B BootpTry
81e2f520 B BootpID
81e2f524 B his_pad_char
81e2f528 B os_data_init
81e2f52c B send_ptr
81e2f530 B os_data_char
81e2f534 B his_eol
81e2f535 B his_quote
81e2f538 B send_parms
81e2f54c B his_pad_count
81e2f550 B dp_last_size
81e2f554 B dp_last_addr
81e2f558 B mm_last_size
81e2f55c B mm_last_addr
81e2f560 B last_reg_hi
81e2f564 B last_data
81e2f568 B last_addr_hi
81e2f56c B last_reg_lo
81e2f570 B last_op
81e2f574 B last_addr_lo
81e2f578 B env_ptr
81e2f57c B nesting_level
81e2f580 B last_return_code
81e2f584 B console_buffer
81e2f684 B hist_list
81e2f6d4 B hist_lines
81e30ad4 B ___strtok
81e30ad8 A uboot_end
